Component: ARM Compiler 5.06 update 6 (build 750) Tool: armlink [4d35ed]

==============================================================================

Section Cross References

    startup_stm32f103xb.o(RESET) refers to startup_stm32f103xb.o(STACK) for __initial_sp
    startup_stm32f103xb.o(RESET) refers to startup_stm32f103xb.o(.text) for Reset_Handler
    startup_stm32f103xb.o(RESET) refers to stm32f1xx_it.o(i.NMI_Handler) for NMI_Handler
    startup_stm32f103xb.o(RESET) refers to stm32f1xx_it.o(i.HardFault_Handler) for HardFault_Handler
    startup_stm32f103xb.o(RESET) refers to stm32f1xx_it.o(i.MemManage_Handler) for MemManage_Handler
    startup_stm32f103xb.o(RESET) refers to stm32f1xx_it.o(i.BusFault_Handler) for BusFault_Handler
    startup_stm32f103xb.o(RESET) refers to stm32f1xx_it.o(i.UsageFault_Handler) for UsageFault_Handler
    startup_stm32f103xb.o(RESET) refers to stm32f1xx_it.o(i.SVC_Handler) for SVC_Handler
    startup_stm32f103xb.o(RESET) refers to stm32f1xx_it.o(i.DebugMon_Handler) for DebugMon_Handler
    startup_stm32f103xb.o(RESET) refers to stm32f1xx_it.o(i.PendSV_Handler) for PendSV_Handler
    startup_stm32f103xb.o(RESET) refers to stm32f1xx_it.o(i.SysTick_Handler) for SysTick_Handler
    startup_stm32f103xb.o(.text) refers to system_stm32f1xx.o(i.SystemInit) for SystemInit
    startup_stm32f103xb.o(.text) refers to entry.o(.ARM.Collect$$$$00000000) for __main
    rc522.o(i.TM_MFRC522_AntennaOff) refers to rc522.o(i.TM_MFRC522_ClearBitMask) for TM_MFRC522_ClearBitMask
    rc522.o(i.TM_MFRC522_AntennaOn) refers to rc522.o(i.TM_MFRC522_ReadRegister) for TM_MFRC522_ReadRegister
    rc522.o(i.TM_MFRC522_AntennaOn) refers to rc522.o(i.TM_MFRC522_SetBitMask) for TM_MFRC522_SetBitMask
    rc522.o(i.TM_MFRC522_Anticoll) refers to rc522.o(i.TM_MFRC522_WriteRegister) for TM_MFRC522_WriteRegister
    rc522.o(i.TM_MFRC522_Anticoll) refers to rc522.o(i.TM_MFRC522_ToCard) for TM_MFRC522_ToCard
    rc522.o(i.TM_MFRC522_Auth) refers to rc522.o(i.TM_MFRC522_ToCard) for TM_MFRC522_ToCard
    rc522.o(i.TM_MFRC522_Auth) refers to rc522.o(i.TM_MFRC522_ReadRegister) for TM_MFRC522_ReadRegister
    rc522.o(i.TM_MFRC522_CalculateCRC) refers to rc522.o(i.TM_MFRC522_ClearBitMask) for TM_MFRC522_ClearBitMask
    rc522.o(i.TM_MFRC522_CalculateCRC) refers to rc522.o(i.TM_MFRC522_SetBitMask) for TM_MFRC522_SetBitMask
    rc522.o(i.TM_MFRC522_CalculateCRC) refers to rc522.o(i.TM_MFRC522_WriteRegister) for TM_MFRC522_WriteRegister
    rc522.o(i.TM_MFRC522_CalculateCRC) refers to rc522.o(i.TM_MFRC522_ReadRegister) for TM_MFRC522_ReadRegister
    rc522.o(i.TM_MFRC522_Check) refers to rc522.o(i.TM_MFRC522_Request) for TM_MFRC522_Request
    rc522.o(i.TM_MFRC522_Check) refers to rc522.o(i.TM_MFRC522_Anticoll) for TM_MFRC522_Anticoll
    rc522.o(i.TM_MFRC522_Check) refers to rc522.o(i.TM_MFRC522_Halt) for TM_MFRC522_Halt
    rc522.o(i.TM_MFRC522_ClearBitMask) refers to rc522.o(i.TM_MFRC522_ReadRegister) for TM_MFRC522_ReadRegister
    rc522.o(i.TM_MFRC522_ClearBitMask) refers to rc522.o(i.TM_MFRC522_WriteRegister) for TM_MFRC522_WriteRegister
    rc522.o(i.TM_MFRC522_Halt) refers to rc522.o(i.TM_MFRC522_CalculateCRC) for TM_MFRC522_CalculateCRC
    rc522.o(i.TM_MFRC522_Halt) refers to rc522.o(i.TM_MFRC522_ToCard) for TM_MFRC522_ToCard
    rc522.o(i.TM_MFRC522_Init) refers to rc522.o(i.TM_MFRC522_Reset) for TM_MFRC522_Reset
    rc522.o(i.TM_MFRC522_Init) refers to rc522.o(i.TM_MFRC522_WriteRegister) for TM_MFRC522_WriteRegister
    rc522.o(i.TM_MFRC522_Init) refers to rc522.o(i.TM_MFRC522_AntennaOn) for TM_MFRC522_AntennaOn
    rc522.o(i.TM_MFRC522_Read) refers to rc522.o(i.TM_MFRC522_CalculateCRC) for TM_MFRC522_CalculateCRC
    rc522.o(i.TM_MFRC522_Read) refers to rc522.o(i.TM_MFRC522_ToCard) for TM_MFRC522_ToCard
    rc522.o(i.TM_MFRC522_ReadRegister) refers to stm32f1xx_hal_gpio.o(i.HAL_GPIO_WritePin) for HAL_GPIO_WritePin
    rc522.o(i.TM_MFRC522_ReadRegister) refers to rc522.o(i.TM_SPI_Send) for TM_SPI_Send
    rc522.o(i.TM_MFRC522_Request) refers to rc522.o(i.TM_MFRC522_WriteRegister) for TM_MFRC522_WriteRegister
    rc522.o(i.TM_MFRC522_Request) refers to rc522.o(i.TM_MFRC522_ToCard) for TM_MFRC522_ToCard
    rc522.o(i.TM_MFRC522_Reset) refers to rc522.o(i.TM_MFRC522_WriteRegister) for TM_MFRC522_WriteRegister
    rc522.o(i.TM_MFRC522_Reset) refers to stm32f1xx_hal.o(i.HAL_Delay) for HAL_Delay
    rc522.o(i.TM_MFRC522_Reset) refers to rc522.o(i.TM_MFRC522_ReadRegister) for TM_MFRC522_ReadRegister
    rc522.o(i.TM_MFRC522_SelectTag) refers to rc522.o(i.TM_MFRC522_CalculateCRC) for TM_MFRC522_CalculateCRC
    rc522.o(i.TM_MFRC522_SelectTag) refers to rc522.o(i.TM_MFRC522_ToCard) for TM_MFRC522_ToCard
    rc522.o(i.TM_MFRC522_SetBitMask) refers to rc522.o(i.TM_MFRC522_ReadRegister) for TM_MFRC522_ReadRegister
    rc522.o(i.TM_MFRC522_SetBitMask) refers to rc522.o(i.TM_MFRC522_WriteRegister) for TM_MFRC522_WriteRegister
[...]
    printfa.o(i.__0vsprintf) refers to printfa.o(i._printf_core) for _printf_core
    printfa.o(i.__0vsprintf) refers to printfa.o(i._sputc) for _sputc
    printfa.o(i._fp_digits) refers (Special) to iusefp.o(.text) for __I$use$fp
    printfa.o(i._fp_digits) refers to dmul.o(.text) for __aeabi_dmul
    printfa.o(i._fp_digits) refers to ddiv.o(.text) for __aeabi_ddiv
    printfa.o(i._fp_digits) refers to cdrcmple.o(.text) for __aeabi_cdrcmple
    printfa.o(i._fp_digits) refers to dadd.o(.text) for __aeabi_dadd
    printfa.o(i._fp_digits) refers to dfixul.o(.text) for __aeabi_d2ulz
    printfa.o(i._fp_digits) refers to uldiv.o(.text) for __aeabi_uldivmod
    printfa.o(i._printf_core) refers (Special) to iusefp.o(.text) for __I$use$fp
    printfa.o(i._printf_core) refers to printfa.o(i._printf_pre_padding) for _printf_pre_padding
    printfa.o(i._printf_core) refers to uldiv.o(.text) for __aeabi_uldivmod
    printfa.o(i._printf_core) refers to printfa.o(i._printf_post_padding) for _printf_post_padding
    printfa.o(i._printf_core) refers to printfa.o(i._fp_digits) for _fp_digits
    printfa.o(i._printf_core) refers to uidiv.o(.text) for __aeabi_uidivmod
    printfa.o(i._printf_post_padding) refers (Special) to iusefp.o(.text) for __I$use$fp
    printfa.o(i._printf_pre_padding) refers (Special) to iusefp.o(.text) for __I$use$fp
    printfa.o(i._snputc) refers (Special) to iusefp.o(.text) for __I$use$fp
    printfa.o(i._sputc) refers (Special) to iusefp.o(.text) for __I$use$fp
    entry2.o(.ARM.Collect$$$$00000001) refers to entry2.o(.ARM.Collect$$$$00002712) for __lit__00000000
    entry2.o(.ARM.Collect$$$$00002712) refers to startup_stm32f103xb.o(STACK) for __initial_sp
    entry2.o(__vectab_stack_and_reset_area) refers to startup_stm32f103xb.o(STACK) for __initial_sp
    entry2.o(__vectab_stack_and_reset_area) refers to entry.o(.ARM.Collect$$$$00000000) for __main
    entry5.o(.ARM.Collect$$$$00000004) refers to init.o(.text) for __scatterload
    entry9a.o(.ARM.Collect$$$$0000000B) refers to main.o(i.main) for main
    entry9b.o(.ARM.Collect$$$$0000000C) refers to main.o(i.main) for main
    fputc.o(i.fputc) refers (Special) to iusesemip.o(.text) for __I$use$semihosting$fputc
    fputc.o(i.fputc) refers (Special) to semi.o(.text) for __semihosting_library_function
    uldiv.o(.text) refers to llushr.o(.text) for __aeabi_llsr
    uldiv.o(.text) refers to llshl.o(.text) for __aeabi_llsl
    dadd.o(.text) refers to llshl.o(.text) for __aeabi_llsl
    dadd.o(.text) refers to llsshr.o(.text) for __aeabi_lasr
    dadd.o(.text) refers to depilogue.o(.text) for _double_epilogue
    dmul.o(.text) refers to depilogue.o(.text) for _double_epilogue
    ddiv.o(.text) refers to depilogue.o(.text) for _double_round
    dfixul.o(.text) refers to llushr.o(.text) for __aeabi_llsr
    dfixul.o(.text) refers to llshl.o(.text) for __aeabi_llsl
    init.o(.text) refers to entry5.o(.ARM.Collect$$$$00000004) for __main_after_scatterload
    depilogue.o(.text) refers to llshl.o(.text) for __aeabi_llsl
    depilogue.o(.text) refers to llushr.o(.text) for __aeabi_llsr


==============================================================================

Removing Unused input sections from the image.

    Removing startup_stm32f103xb.o(HEAP), (512 bytes).
    Removing rc522.o(.rev16_text), (4 bytes).
    Removing rc522.o(.revsh_text), (4 bytes).
    Removing rc522.o(.rrx_text), (6 bytes).
    Removing rc522.o(i.TM_MFRC522_AntennaOff), (8 bytes).
    Removing rc522.o(i.TM_MFRC522_Auth), (82 bytes).
    Removing rc522.o(i.TM_MFRC522_CalculateCRC), (94 bytes).
    Removing rc522.o(i.TM_MFRC522_Check), (32 bytes).
    Removing rc522.o(i.TM_MFRC522_Compare), (28 bytes).
    Removing rc522.o(i.TM_MFRC522_Halt), (44 bytes).
    Removing rc522.o(i.TM_MFRC522_Read), (50 bytes).
    Removing rc522.o(i.TM_MFRC522_SelectTag), (82 bytes).
    Removing rc522.o(i.TM_MFRC522_Write), (132 bytes).
    Removing rc522.o(.bss), (15 bytes).
    Removing main.o(.rev16_text), (4 bytes).
    Removing main.o(.revsh_text), (4 bytes).
    Removing main.o(.rrx_text), (6 bytes).
    Removing main.o(i.Error_Handler), (2 bytes).
    Removing main.o(i.debugROM), (32 bytes).
    Removing main.o(i.delAllRFID), (28 bytes).
    Removing main.o(i.scanI2c), (44 bytes).
    Removing stm32f1xx_it.o(.rev16_text), (4 bytes).
    Removing stm32f1xx_it.o(.revsh_text), (4 bytes).
    Removing stm32f1xx_it.o(.rrx_text), (6 bytes).
    Removing stm32f1xx_hal_msp.o(.rev16_text), (4 bytes).
    Removing stm32f1xx_hal_msp.o(.revsh_text), (4 bytes).
    Removing stm32f1xx_hal_msp.o(.rrx_text), (6 bytes).
    Removing stm32f1xx_hal_msp.o(i.HAL_I2C_MspDeInit), (56 bytes).
    Removing stm32f1xx_hal_msp.o(i.HAL_SPI_MspDeInit), (44 bytes).
    Removing at24cxx.o(.rev16_text), (4 bytes).
    Removing at24cxx.o(.revsh_text), (4 bytes).
    Removing at24cxx.o(.rrx_text), (6 bytes).
    Removing at24cxx.o(i.AT24_clear), (38 bytes).
    Removing lcd_i2c.o(.rev16_text), (4 bytes).
    Removing lcd_i2c.o(.revsh_text), (4 bytes).
    Removing lcd_i2c.o(.rrx_text), (6 bytes).
    Removing lcd_i2c.o(i.CLCD_BlinkOff), (20 bytes).
    Removing lcd_i2c.o(i.CLCD_BlinkOn), (20 bytes).
    Removing lcd_i2c.o(i.CLCD_CursorOff), (20 bytes).
    Removing lcd_i2c.o(i.CLCD_CursorOn), (20 bytes).
    Removing lcd_i2c.o(i.CLCD_ReturnHome), (20 bytes).
    Removing lcd_i2c.o(i.Led_OFF), (16 bytes).
    Removing lcd_i2c.o(i.Led_ON), (16 bytes).
    Removing stm32f1xx_hal_gpio_ex.o(.rev16_text), (4 bytes).
    Removing stm32f1xx_hal_gpio_ex.o(.revsh_text), (4 bytes).
    Removing stm32f1xx_hal_gpio_ex.o(.rrx_text), (6 bytes).
    Removing stm32f1xx_hal_gpio_ex.o(i.HAL_GPIOEx_ConfigEventout), (20 bytes).
    Removing stm32f1xx_hal_gpio_ex.o(i.HAL_GPIOEx_DisableEventout), (16 bytes).
    Removing stm32f1xx_hal_gpio_ex.o(i.HAL_GPIOEx_EnableEventout), (16 bytes).
    Removing stm32f1xx_hal_i2c.o(.rev16_text), (4 bytes).
    Removing stm32f1xx_hal_i2c.o(.revsh_text), (4 bytes).
    Removing stm32f1xx_hal_i2c.o(.rrx_text), (6 bytes).
    Removing stm32f1xx_hal_i2c.o(i.HAL_I2C_AbortCpltCallback), (2 bytes).
    Removing stm32f1xx_hal_i2c.o(i.HAL_I2C_AddrCallback), (2 bytes).
    Removing stm32f1xx_hal_i2c.o(i.HAL_I2C_DeInit), (54 bytes).
    Removing stm32f1xx_hal_i2c.o(i.HAL_I2C_DisableListen_IT), (64 bytes).
    Removing stm32f1xx_hal_i2c.o(i.HAL_I2C_ER_IRQHandler), (202 bytes).
    Removing stm32f1xx_hal_i2c.o(i.HAL_I2C_EV_IRQHandler), (464 bytes).
    Removing stm32f1xx_hal_i2c.o(i.HAL_I2C_EnableListen_IT), (60 bytes).
    Removing stm32f1xx_hal_i2c.o(i.HAL_I2C_ErrorCallback), (2 bytes).
    Removing stm32f1xx_hal_i2c.o(i.HAL_I2C_GetError), (4 bytes).
    Removing stm32f1xx_hal_i2c.o(i.HAL_I2C_GetMode), (6 bytes).
    Removing stm32f1xx_hal_i2c.o(i.HAL_I2C_GetState), (6 bytes).
    Removing stm32f1xx_hal_i2c.o(i.HAL_I2C_IsDeviceReady), (392 bytes).
    Removing stm32f1xx_hal_i2c.o(i.HAL_I2C_ListenCpltCallback), (2 bytes).
    Removing stm32f1xx_hal_i2c.o(i.HAL_I2C_MasterRxCpltCallback), (2 bytes).
    Removing stm32f1xx_hal_i2c.o(i.HAL_I2C_MasterTxCpltCallback), (2 bytes).
    Removing stm32f1xx_hal_i2c.o(i.HAL_I2C_Master_Abort_IT), (94 bytes).
    Removing stm32f1xx_hal_i2c.o(i.HAL_I2C_Master_Receive_DMA), (368 bytes).
    Removing stm32f1xx_hal_i2c.o(i.HAL_I2C_Master_Receive_IT), (260 bytes).
    Removing stm32f1xx_hal_i2c.o(i.HAL_I2C_Master_Seq_Receive_DMA), (608 bytes).
    Removing stm32f1xx_hal_i2c.o(i.HAL_I2C_Master_Seq_Receive_IT), (344 bytes).
    Removing stm32f1xx_hal_i2c.o(i.HAL_I2C_Master_Seq_Transmit_DMA), (488 bytes).
    Removing stm32f1xx_hal_i2c.o(i.HAL_I2C_Master_Seq_Transmit_IT), (256 bytes).
    Removing stm32f1xx_hal_i2c.o(i.HAL_I2C_Master_Transmit_DMA), (368 bytes).
    Removing stm32f1xx_hal_i2c.o(i.HAL_I2C_Master_Transmit_IT), (252 bytes).
    Removing stm32f1xx_hal_i2c.o(i.HAL_I2C_MemRxCpltCallback), (2 bytes).
    Removing stm32f1xx_hal_i2c.o(i.HAL_I2C_MemTxCpltCallback), (2 bytes).
    Removing stm32f1xx_hal_i2c.o(i.HAL_I2C_Mem_Read), (792 bytes).
    Removing stm32f1xx_hal_i2c.o(i.HAL_I2C_Mem_Read_DMA), (516 bytes).
    Removing stm32f1xx_hal_i2c.o(i.HAL_I2C_Mem_Read_IT), (284 bytes).
    Removing stm32f1xx_hal_i2c.o(i.HAL_I2C_Mem_Write), (372 bytes).
    Removing stm32f1xx_hal_i2c.o(i.HAL_I2C_Mem_Write_DMA), (460 bytes).
    Removing stm32f1xx_hal_i2c.o(i.HAL_I2C_Mem_Write_IT), (268 bytes).
    Removing stm32f1xx_hal_i2c.o(i.HAL_I2C_MspDeInit), (2 bytes).
    Removing stm32f1xx_hal_i2c.o(i.HAL_I2C_MspInit), (2 bytes).
    Removing stm32f1xx_hal_i2c.o(i.HAL_I2C_SlaveRxCpltCallback), (2 bytes).
    Removing stm32f1xx_hal_i2c.o(i.HAL_I2C_SlaveTxCpltCallback), (2 bytes).
    Removing stm32f1xx_hal_i2c.o(i.HAL_I2C_Slave_Receive), (356 bytes).
    Removing stm32f1xx_hal_i2c.o(i.HAL_I2C_Slave_Receive_DMA), (240 bytes).
    Removing stm32f1xx_hal_i2c.o(i.HAL_I2C_Slave_Receive_IT), (140 bytes).
    Removing stm32f1xx_hal_i2c.o(i.HAL_I2C_Slave_Seq_Receive_DMA), (388 bytes).
    Removing stm32f1xx_hal_i2c.o(i.HAL_I2C_Slave_Seq_Receive_IT), (158 bytes).
    Removing stm32f1xx_hal_i2c.o(i.HAL_I2C_Slave_Seq_Transmit_DMA), (388 bytes).
    Removing stm32f1xx_hal_i2c.o(i.HAL_I2C_Slave_Seq_Transmit_IT), (158 bytes).
    Removing stm32f1xx_hal_i2c.o(i.HAL_I2C_Slave_Transmit), (388 bytes).
    Removing stm32f1xx_hal_i2c.o(i.HAL_I2C_Slave_Transmit_DMA), (240 bytes).
    Removing stm32f1xx_hal_i2c.o(i.HAL_I2C_Slave_Transmit_IT), (140 bytes).
    Removing stm32f1xx_hal_i2c.o(i.I2C_ConvertOtherXferOptions), (28 bytes).
    Removing stm32f1xx_hal_i2c.o(i.I2C_DMAAbort), (204 bytes).
    Removing stm32f1xx_hal_i2c.o(i.I2C_DMAError), (56 bytes).
    Removing stm32f1xx_hal_i2c.o(i.I2C_DMAXferCplt), (274 bytes).
    Removing stm32f1xx_hal_i2c.o(i.I2C_Flush_DR), (16 bytes).
    Removing stm32f1xx_hal_i2c.o(i.I2C_ITError), (364 bytes).
    Removing stm32f1xx_hal_i2c.o(i.I2C_MasterReceive_BTF), (256 bytes).
    Removing stm32f1xx_hal_i2c.o(i.I2C_MasterReceive_RXNE), (220 bytes).
    Removing stm32f1xx_hal_i2c.o(i.I2C_MasterTransmit_BTF), (150 bytes).
    Removing stm32f1xx_hal_i2c.o(i.I2C_MasterTransmit_TXE), (196 bytes).
    Removing stm32f1xx_hal_i2c.o(i.I2C_Master_ADD10), (42 bytes).
    Removing stm32f1xx_hal_i2c.o(i.I2C_Master_ADDR), (482 bytes).
    Removing stm32f1xx_hal_i2c.o(i.I2C_Master_SB), (160 bytes).
    Removing stm32f1xx_hal_i2c.o(i.I2C_MemoryTransmit_TXE_BTF), (190 bytes).
    Removing stm32f1xx_hal_i2c.o(i.I2C_RequestMemoryRead), (340 bytes).
    Removing stm32f1xx_hal_i2c.o(i.I2C_RequestMemoryWrite), (208 bytes).
    Removing stm32f1xx_hal_i2c.o(i.I2C_SlaveReceive_BTF), (28 bytes).
    Removing stm32f1xx_hal_i2c.o(i.I2C_SlaveReceive_RXNE), (68 bytes).
    Removing stm32f1xx_hal_i2c.o(i.I2C_SlaveTransmit_BTF), (28 bytes).
    Removing stm32f1xx_hal_i2c.o(i.I2C_SlaveTransmit_TXE), (68 bytes).
    Removing stm32f1xx_hal_i2c.o(i.I2C_Slave_ADDR), (78 bytes).
    Removing stm32f1xx_hal_i2c.o(i.I2C_Slave_AF), (144 bytes).
    Removing stm32f1xx_hal_i2c.o(i.I2C_Slave_STOPF), (352 bytes).
    Removing stm32f1xx_hal_i2c.o(i.I2C_WaitOnSTOPFlagUntilTimeout), (96 bytes).
    Removing stm32f1xx_hal_i2c.o(i.I2C_WaitOnSTOPRequestThroughIT), (64 bytes).
    Removing stm32f1xx_hal.o(.rev16_text), (4 bytes).
    Removing stm32f1xx_hal.o(.revsh_text), (4 bytes).
    Removing stm32f1xx_hal.o(.rrx_text), (6 bytes).
    Removing stm32f1xx_hal.o(i.HAL_DBGMCU_DisableDBGSleepMode), (16 bytes).
    Removing stm32f1xx_hal.o(i.HAL_DBGMCU_DisableDBGStandbyMode), (16 bytes).
    Removing stm32f1xx_hal.o(i.HAL_DBGMCU_DisableDBGStopMode), (16 bytes).
    Removing stm32f1xx_hal.o(i.HAL_DBGMCU_EnableDBGSleepMode), (16 bytes).
    Removing stm32f1xx_hal.o(i.HAL_DBGMCU_EnableDBGStandbyMode), (16 bytes).
    Removing stm32f1xx_hal.o(i.HAL_DBGMCU_EnableDBGStopMode), (16 bytes).
    Removing stm32f1xx_hal.o(i.HAL_DeInit), (32 bytes).
    Removing stm32f1xx_hal.o(i.HAL_GetDEVID), (16 bytes).
    Removing stm32f1xx_hal.o(i.HAL_GetHalVersion), (8 bytes).
    Removing stm32f1xx_hal.o(i.HAL_GetREVID), (12 bytes).
    Removing stm32f1xx_hal.o(i.HAL_GetTickFreq), (12 bytes).
    Removing stm32f1xx_hal.o(i.HAL_GetTickPrio), (12 bytes).
    Removing stm32f1xx_hal.o(i.HAL_GetUIDw0), (12 bytes).
    Removing stm32f1xx_hal.o(i.HAL_GetUIDw1), (12 bytes).
    Removing stm32f1xx_hal.o(i.HAL_GetUIDw2), (12 bytes).
    Removing stm32f1xx_hal.o(i.HAL_MspDeInit), (2 bytes).
    Removing stm32f1xx_hal.o(i.HAL_MspInit), (2 bytes).
    Removing stm32f1xx_hal.o(i.HAL_ResumeTick), (14 bytes).
    Removing stm32f1xx_hal.o(i.HAL_SetTickFreq), (36 bytes).
    Removing stm32f1xx_hal.o(i.HAL_SuspendTick), (14 bytes).
    Removing stm32f1xx_hal_rcc.o(.rev16_text), (4 bytes).
    Removing stm32f1xx_hal_rcc.o(.revsh_text), (4 bytes).
    Removing stm32f1xx_hal_rcc.o(.rrx_text), (6 bytes).
    Removing stm32f1xx_hal_rcc.o(i.HAL_RCC_CSSCallback), (2 bytes).
    Removing stm32f1xx_hal_rcc.o(i.HAL_RCC_DeInit), (268 bytes).
    Removing stm32f1xx_hal_rcc.o(i.HAL_RCC_DisableCSS), (12 bytes).
    Removing stm32f1xx_hal_rcc.o(i.HAL_RCC_EnableCSS), (12 bytes).
    Removing stm32f1xx_hal_rcc.o(i.HAL_RCC_GetClockConfig), (60 bytes).
    Removing stm32f1xx_hal_rcc.o(i.HAL_RCC_GetOscConfig), (172 bytes).
    Removing stm32f1xx_hal_rcc.o(i.HAL_RCC_GetPCLK2Freq), (32 bytes).
    Removing stm32f1xx_hal_rcc.o(i.HAL_RCC_MCOConfig), (72 bytes).
    Removing stm32f1xx_hal_rcc.o(i.HAL_RCC_NMI_IRQHandler), (28 bytes).
    Removing stm32f1xx_hal_rcc_ex.o(.rev16_text), (4 bytes).
    Removing stm32f1xx_hal_rcc_ex.o(.revsh_text), (4 bytes).
    Removing stm32f1xx_hal_rcc_ex.o(.rrx_text), (6 bytes).
    Removing stm32f1xx_hal_rcc_ex.o(i.HAL_RCCEx_GetPeriphCLKConfig), (44 bytes).
    Removing stm32f1xx_hal_rcc_ex.o(i.HAL_RCCEx_GetPeriphCLKFreq), (200 bytes).
    Removing stm32f1xx_hal_rcc_ex.o(i.HAL_RCCEx_PeriphCLKConfig), (304 bytes).
    Removing stm32f1xx_hal_rcc_ex.o(.constdata), (18 bytes).
    Removing stm32f1xx_hal_gpio.o(.rev16_text), (4 bytes).
    Removing stm32f1xx_hal_gpio.o(.revsh_text), (4 bytes).
    Removing stm32f1xx_hal_gpio.o(.rrx_text), (6 bytes).
    Removing stm32f1xx_hal_gpio.o(i.HAL_GPIO_DeInit), (300 bytes).
    Removing stm32f1xx_hal_gpio.o(i.HAL_GPIO_EXTI_Callback), (2 bytes).
    Removing stm32f1xx_hal_gpio.o(i.HAL_GPIO_EXTI_IRQHandler), (24 bytes).
    Removing stm32f1xx_hal_gpio.o(i.HAL_GPIO_LockPin), (42 bytes).
    Removing stm32f1xx_hal_gpio.o(i.HAL_GPIO_TogglePin), (16 bytes).
    Removing stm32f1xx_hal_dma.o(.rev16_text), (4 bytes).
    Removing stm32f1xx_hal_dma.o(.revsh_text), (4 bytes).
    Removing stm32f1xx_hal_dma.o(.rrx_text), (6 bytes).
    Removing stm32f1xx_hal_dma.o(i.DMA_SetConfig), (56 bytes).
    Removing stm32f1xx_hal_dma.o(i.HAL_DMA_Abort), (72 bytes).
    Removing stm32f1xx_hal_dma.o(i.HAL_DMA_Abort_IT), (164 bytes).
    Removing stm32f1xx_hal_dma.o(i.HAL_DMA_DeInit), (104 bytes).
    Removing stm32f1xx_hal_dma.o(i.HAL_DMA_GetError), (4 bytes).
    Removing stm32f1xx_hal_dma.o(i.HAL_DMA_GetState), (6 bytes).
    Removing stm32f1xx_hal_dma.o(i.HAL_DMA_IRQHandler), (368 bytes).
    Removing stm32f1xx_hal_dma.o(i.HAL_DMA_Init), (132 bytes).
    Removing stm32f1xx_hal_dma.o(i.HAL_DMA_PollForTransfer), (580 bytes).
    Removing stm32f1xx_hal_dma.o(i.HAL_DMA_RegisterCallback), (80 bytes).
    Removing stm32f1xx_hal_dma.o(i.HAL_DMA_Start), (88 bytes).
    Removing stm32f1xx_hal_dma.o(i.HAL_DMA_Start_IT), (124 bytes).
    Removing stm32f1xx_hal_dma.o(i.HAL_DMA_UnRegisterCallback), (86 bytes).
    Removing stm32f1xx_hal_cortex.o(.rev16_text), (4 bytes).
    Removing stm32f1xx_hal_cortex.o(.revsh_text), (4 bytes).
    Removing stm32f1xx_hal_cortex.o(.rrx_text), (6 bytes).
    Removing stm32f1xx_hal_cortex.o(i.HAL_NVIC_ClearPendingIRQ), (28 bytes).
    Removing stm32f1xx_hal_cortex.o(i.HAL_NVIC_DisableIRQ), (36 bytes).
    Removing stm32f1xx_hal_cortex.o(i.HAL_NVIC_EnableIRQ), (28 bytes).
    Removing stm32f1xx_hal_cortex.o(i.HAL_NVIC_GetActive), (42 bytes).
    Removing stm32f1xx_hal_cortex.o(i.HAL_NVIC_GetPendingIRQ), (42 bytes).
    Removing stm32f1xx_hal_cortex.o(i.HAL_NVIC_GetPriority), (94 bytes).
    Removing stm32f1xx_hal_cortex.o(i.HAL_NVIC_GetPriorityGrouping), (16 bytes).
    Removing stm32f1xx_hal_cortex.o(i.HAL_NVIC_SetPendingIRQ), (28 bytes).
    Removing stm32f1xx_hal_cortex.o(i.HAL_NVIC_SystemReset), (36 bytes).
    Removing stm32f1xx_hal_cortex.o(i.HAL_SYSTICK_CLKSourceConfig), (28 bytes).
    Removing stm32f1xx_hal_cortex.o(i.HAL_SYSTICK_Callback), (2 bytes).
    Removing stm32f1xx_hal_cortex.o(i.HAL_SYSTICK_IRQHandler), (8 bytes).
    Removing stm32f1xx_hal_pwr.o(.rev16_text), (4 bytes).
    Removing stm32f1xx_hal_pwr.o(.revsh_text), (4 bytes).
    Removing stm32f1xx_hal_pwr.o(.rrx_text), (6 bytes).
    Removing stm32f1xx_hal_pwr.o(i.HAL_PWR_ConfigPVD), (148 bytes).
    Removing stm32f1xx_hal_pwr.o(i.HAL_PWR_DeInit), (24 bytes).
    Removing stm32f1xx_hal_pwr.o(i.HAL_PWR_DisableBkUpAccess), (12 bytes).
    Removing stm32f1xx_hal_pwr.o(i.HAL_PWR_DisablePVD), (12 bytes).
    Removing stm32f1xx_hal_pwr.o(i.HAL_PWR_DisableSEVOnPend), (16 bytes).
    Removing stm32f1xx_hal_pwr.o(i.HAL_PWR_DisableSleepOnExit), (16 bytes).
    Removing stm32f1xx_hal_pwr.o(i.HAL_PWR_DisableWakeUpPin), (26 bytes).
    Removing stm32f1xx_hal_pwr.o(i.HAL_PWR_EnableBkUpAccess), (12 bytes).
    Removing stm32f1xx_hal_pwr.o(i.HAL_PWR_EnablePVD), (12 bytes).
    Removing stm32f1xx_hal_pwr.o(i.HAL_PWR_EnableSEVOnPend), (16 bytes).
    Removing stm32f1xx_hal_pwr.o(i.HAL_PWR_EnableSleepOnExit), (16 bytes).
    Removing stm32f1xx_hal_pwr.o(i.HAL_PWR_EnableWakeUpPin), (26 bytes).
    Removing stm32f1xx_hal_pwr.o(i.HAL_PWR_EnterSLEEPMode), (32 bytes).
    Removing stm32f1xx_hal_pwr.o(i.HAL_PWR_EnterSTANDBYMode), (32 bytes).
    Removing stm32f1xx_hal_pwr.o(i.HAL_PWR_EnterSTOPMode), (68 bytes).
    Removing stm32f1xx_hal_pwr.o(i.HAL_PWR_PVDCallback), (2 bytes).
    Removing stm32f1xx_hal_pwr.o(i.HAL_PWR_PVD_IRQHandler), (28 bytes).
    Removing stm32f1xx_hal_pwr.o(i.PWR_OverloadWfe), (6 bytes).
    Removing stm32f1xx_hal_flash.o(.rev16_text), (4 bytes).
    Removing stm32f1xx_hal_flash.o(.revsh_text), (4 bytes).
    Removing stm32f1xx_hal_flash.o(.rrx_text), (6 bytes).
    Removing stm32f1xx_hal_flash.o(i.FLASH_Program_HalfWord), (28 bytes).
    Removing stm32f1xx_hal_flash.o(i.FLASH_SetErrorCode), (100 bytes).
    Removing stm32f1xx_hal_flash.o(i.FLASH_WaitForLastOperation), (104 bytes).
    Removing stm32f1xx_hal_flash.o(i.HAL_FLASH_EndOfOperationCallback), (2 bytes).
    Removing stm32f1xx_hal_flash.o(i.HAL_FLASH_GetError), (12 bytes).
    Removing stm32f1xx_hal_flash.o(i.HAL_FLASH_IRQHandler), (284 bytes).
    Removing stm32f1xx_hal_flash.o(i.HAL_FLASH_Lock), (20 bytes).
    Removing stm32f1xx_hal_flash.o(i.HAL_FLASH_OB_Launch), (4 bytes).
    Removing stm32f1xx_hal_flash.o(i.HAL_FLASH_OB_Lock), (20 bytes).
    Removing stm32f1xx_hal_flash.o(i.HAL_FLASH_OB_Unlock), (40 bytes).
    Removing stm32f1xx_hal_flash.o(i.HAL_FLASH_OperationErrorCallback), (2 bytes).
    Removing stm32f1xx_hal_flash.o(i.HAL_FLASH_Program), (148 bytes).
    Removing stm32f1xx_hal_flash.o(i.HAL_FLASH_Program_IT), (104 bytes).
    Removing stm32f1xx_hal_flash.o(i.HAL_FLASH_Unlock), (44 bytes).
    Removing stm32f1xx_hal_flash.o(.bss), (32 bytes).
    Removing stm32f1xx_hal_flash_ex.o(.rev16_text), (4 bytes).
    Removing stm32f1xx_hal_flash_ex.o(.revsh_text), (4 bytes).
    Removing stm32f1xx_hal_flash_ex.o(.rrx_text), (6 bytes).
    Removing stm32f1xx_hal_flash_ex.o(i.FLASH_MassErase), (36 bytes).
    Removing stm32f1xx_hal_flash_ex.o(i.FLASH_OB_DisableWRP), (192 bytes).
    Removing stm32f1xx_hal_flash_ex.o(i.FLASH_OB_EnableWRP), (192 bytes).
    Removing stm32f1xx_hal_flash_ex.o(i.FLASH_OB_GetRDP), (24 bytes).
    Removing stm32f1xx_hal_flash_ex.o(i.FLASH_OB_GetUser), (16 bytes).
    Removing stm32f1xx_hal_flash_ex.o(i.FLASH_OB_GetWRP), (12 bytes).
    Removing stm32f1xx_hal_flash_ex.o(i.FLASH_OB_ProgramData), (60 bytes).
    Removing stm32f1xx_hal_flash_ex.o(i.FLASH_OB_RDP_LevelConfig), (100 bytes).
    Removing stm32f1xx_hal_flash_ex.o(i.FLASH_OB_UserConfig), (68 bytes).
    Removing stm32f1xx_hal_flash_ex.o(i.FLASH_PageErase), (36 bytes).
    Removing stm32f1xx_hal_flash_ex.o(i.HAL_FLASHEx_Erase), (180 bytes).
    Removing stm32f1xx_hal_flash_ex.o(i.HAL_FLASHEx_Erase_IT), (88 bytes).
    Removing stm32f1xx_hal_flash_ex.o(i.HAL_FLASHEx_OBErase), (84 bytes).
    Removing stm32f1xx_hal_flash_ex.o(i.HAL_FLASHEx_OBGetConfig), (28 bytes).
    Removing stm32f1xx_hal_flash_ex.o(i.HAL_FLASHEx_OBGetUserData), (32 bytes).
    Removing stm32f1xx_hal_flash_ex.o(i.HAL_FLASHEx_OBProgram), (132 bytes).
    Removing stm32f1xx_hal_exti.o(.rev16_text), (4 bytes).
    Removing stm32f1xx_hal_exti.o(.revsh_text), (4 bytes).
    Removing stm32f1xx_hal_exti.o(.rrx_text), (6 bytes).
    Removing stm32f1xx_hal_exti.o(i.HAL_EXTI_ClearConfigLine), (132 bytes).
    Removing stm32f1xx_hal_exti.o(i.HAL_EXTI_ClearPending), (24 bytes).
    Removing stm32f1xx_hal_exti.o(i.HAL_EXTI_GenerateSWI), (24 bytes).
    Removing stm32f1xx_hal_exti.o(i.HAL_EXTI_GetConfigLine), (180 bytes).
    Removing stm32f1xx_hal_exti.o(i.HAL_EXTI_GetHandle), (14 bytes).
    Removing stm32f1xx_hal_exti.o(i.HAL_EXTI_GetPending), (28 bytes).
    Removing stm32f1xx_hal_exti.o(i.HAL_EXTI_IRQHandler), (40 bytes).
    Removing stm32f1xx_hal_exti.o(i.HAL_EXTI_RegisterCallback), (16 bytes).
    Removing stm32f1xx_hal_exti.o(i.HAL_EXTI_SetConfigLine), (232 bytes).
    Removing stm32f1xx_hal_spi.o(.rev16_text), (4 bytes).
    Removing stm32f1xx_hal_spi.o(.revsh_text), (4 bytes).
    Removing stm32f1xx_hal_spi.o(.rrx_text), (6 bytes).
    Removing stm32f1xx_hal_spi.o(i.HAL_SPI_Abort), (304 bytes).
    Removing stm32f1xx_hal_spi.o(i.HAL_SPI_AbortCpltCallback), (2 bytes).
    Removing stm32f1xx_hal_spi.o(i.HAL_SPI_Abort_IT), (316 bytes).
    Removing stm32f1xx_hal_spi.o(i.HAL_SPI_DMAPause), (38 bytes).
    Removing stm32f1xx_hal_spi.o(i.HAL_SPI_DMAResume), (38 bytes).
    Removing stm32f1xx_hal_spi.o(i.HAL_SPI_DMAStop), (68 bytes).
    Removing stm32f1xx_hal_spi.o(i.HAL_SPI_DeInit), (48 bytes).
    Removing stm32f1xx_hal_spi.o(i.HAL_SPI_ErrorCallback), (2 bytes).
    Removing stm32f1xx_hal_spi.o(i.HAL_SPI_GetError), (4 bytes).
    Removing stm32f1xx_hal_spi.o(i.HAL_SPI_GetState), (6 bytes).
    Removing stm32f1xx_hal_spi.o(i.HAL_SPI_IRQHandler), (256 bytes).
    Removing stm32f1xx_hal_spi.o(i.HAL_SPI_MspDeInit), (2 bytes).
    Removing stm32f1xx_hal_spi.o(i.HAL_SPI_MspInit), (2 bytes).
    Removing stm32f1xx_hal_spi.o(i.HAL_SPI_Receive), (364 bytes).
    Removing stm32f1xx_hal_spi.o(i.HAL_SPI_Receive_DMA), (244 bytes).
    Removing stm32f1xx_hal_spi.o(i.HAL_SPI_Receive_IT), (188 bytes).
    Removing stm32f1xx_hal_spi.o(i.HAL_SPI_RxCpltCallback), (2 bytes).
    Removing stm32f1xx_hal_spi.o(i.HAL_SPI_RxHalfCpltCallback), (2 bytes).
    Removing stm32f1xx_hal_spi.o(i.HAL_SPI_Transmit), (422 bytes).
    Removing stm32f1xx_hal_spi.o(i.HAL_SPI_TransmitReceive_DMA), (304 bytes).
    Removing stm32f1xx_hal_spi.o(i.HAL_SPI_TransmitReceive_IT), (176 bytes).
    Removing stm32f1xx_hal_spi.o(i.HAL_SPI_Transmit_DMA), (212 bytes).
    Removing stm32f1xx_hal_spi.o(i.HAL_SPI_Transmit_IT), (172 bytes).
    Removing stm32f1xx_hal_spi.o(i.HAL_SPI_TxCpltCallback), (2 bytes).
    Removing stm32f1xx_hal_spi.o(i.HAL_SPI_TxHalfCpltCallback), (2 bytes).
    Removing stm32f1xx_hal_spi.o(i.HAL_SPI_TxRxCpltCallback), (2 bytes).
    Removing stm32f1xx_hal_spi.o(i.HAL_SPI_TxRxHalfCpltCallback), (2 bytes).
    Removing stm32f1xx_hal_spi.o(i.SPI_2linesRxISR_16BIT), (48 bytes).
    Removing stm32f1xx_hal_spi.o(i.SPI_2linesRxISR_8BIT), (48 bytes).
    Removing stm32f1xx_hal_spi.o(i.SPI_2linesTxISR_16BIT), (48 bytes).
    Removing stm32f1xx_hal_spi.o(i.SPI_2linesTxISR_8BIT), (48 bytes).
    Removing stm32f1xx_hal_spi.o(i.SPI_AbortRx_ISR), (92 bytes).
    Removing stm32f1xx_hal_spi.o(i.SPI_AbortTx_ISR), (28 bytes).
    Removing stm32f1xx_hal_spi.o(i.SPI_CloseRxTx_ISR), (164 bytes).
    Removing stm32f1xx_hal_spi.o(i.SPI_CloseRx_ISR), (76 bytes).
    Removing stm32f1xx_hal_spi.o(i.SPI_CloseTx_ISR), (136 bytes).
    Removing stm32f1xx_hal_spi.o(i.SPI_DMAAbortOnError), (16 bytes).
    Removing stm32f1xx_hal_spi.o(i.SPI_DMAError), (34 bytes).
    Removing stm32f1xx_hal_spi.o(i.SPI_DMAHalfReceiveCplt), (10 bytes).
    Removing stm32f1xx_hal_spi.o(i.SPI_DMAHalfTransmitCplt), (10 bytes).
    Removing stm32f1xx_hal_spi.o(i.SPI_DMAHalfTransmitReceiveCplt), (10 bytes).
    Removing stm32f1xx_hal_spi.o(i.SPI_DMAReceiveCplt), (110 bytes).
    Removing stm32f1xx_hal_spi.o(i.SPI_DMARxAbortCallback), (98 bytes).
    Removing stm32f1xx_hal_spi.o(i.SPI_DMATransmitCplt), (102 bytes).
    Removing stm32f1xx_hal_spi.o(i.SPI_DMATransmitReceiveCplt), (92 bytes).
    Removing stm32f1xx_hal_spi.o(i.SPI_DMATxAbortCallback), (120 bytes).
    Removing stm32f1xx_hal_spi.o(i.SPI_EndRxTransaction), (112 bytes).
    Removing stm32f1xx_hal_spi.o(i.SPI_RxISR_16BIT), (32 bytes).
    Removing stm32f1xx_hal_spi.o(i.SPI_RxISR_8BIT), (32 bytes).
    Removing stm32f1xx_hal_spi.o(i.SPI_TxISR_16BIT), (32 bytes).
    Removing stm32f1xx_hal_spi.o(i.SPI_TxISR_8BIT), (32 bytes).
    Removing stm32f1xx_hal_tim.o(.rev16_text), (4 bytes).
    Removing stm32f1xx_hal_tim.o(.revsh_text), (4 bytes).
    Removing stm32f1xx_hal_tim.o(.rrx_text), (6 bytes).
    Removing stm32f1xx_hal_tim_ex.o(.rev16_text), (4 bytes).
    Removing stm32f1xx_hal_tim_ex.o(.revsh_text), (4 bytes).
    Removing stm32f1xx_hal_tim_ex.o(.rrx_text), (6 bytes).
    Removing system_stm32f1xx.o(.rev16_text), (4 bytes).
    Removing system_stm32f1xx.o(.revsh_text), (4 bytes).
    Removing system_stm32f1xx.o(.rrx_text), (6 bytes).
    Removing system_stm32f1xx.o(i.SystemCoreClockUpdate), (128 bytes).
    Removing dadd.o(.text), (334 bytes).
    Removing dmul.o(.text), (228 bytes).
    Removing ddiv.o(.text), (222 bytes).
    Removing dfixul.o(.text), (48 bytes).
    Removing cdrcmple.o(.text), (48 bytes).
    Removing depilogue.o(.text), (186 bytes).

344 unused section(s) (total 29003 bytes) removed from the image.

==============================================================================

Image Symbol Table

    Local Symbols

    Symbol Name                              Value     Ov Type        Size  Object(Section)

    ../Core/Src/main.c                       0x00000000   Number         0  main.o ABSOLUTE
    ../Core/Src/stm32f1xx_hal_msp.c          0x00000000   Number         0  stm32f1xx_hal_msp.o ABSOLUTE
    ../Core/Src/stm32f1xx_it.c               0x00000000   Number         0  stm32f1xx_it.o ABSOLUTE
    ../Core/Src/system_stm32f1xx.c           0x00000000   Number         0  system_stm32f1xx.o ABSOLUTE
    ../Drivers/STM32F1xx_HAL_Driver/Src/stm32f1xx_hal.c 0x00000000   Number         0  stm32f1xx_hal.o ABSOLUTE
    ../Drivers/STM32F1xx_HAL_Driver/Src/stm32f1xx_hal_cortex.c 0x00000000   Number         0  stm32f1xx_hal_cortex.o ABSOLUTE
    ../Drivers/STM32F1xx_HAL_Driver/Src/stm32f1xx_hal_dma.c 0x00000000   Number         0  stm32f1xx_hal_dma.o ABSOLUTE
    ../Drivers/STM32F1xx_HAL_Driver/Src/stm32f1xx_hal_exti.c 0x00000000   Number         0  stm32f1xx_hal_exti.o ABSOLUTE
    ../Drivers/STM32F1xx_HAL_Driver/Src/stm32f1xx_hal_flash.c 0x00000000   Number         0  stm32f1xx_hal_flash.o ABSOLUTE
    ../Drivers/STM32F1xx_HAL_Driver/Src/stm32f1xx_hal_flash_ex.c 0x00000000   Number         0  stm32f1xx_hal_flash_ex.o ABSOLUTE
    ../Drivers/STM32F1xx_HAL_Driver/Src/stm32f1xx_hal_gpio.c 0x00000000   Number         0  stm32f1xx_hal_gpio.o ABSOLUTE
    ../Drivers/STM32F1xx_HAL_Driver/Src/stm32f1xx_hal_gpio_ex.c 0x00000000   Number         0  stm32f1xx_hal_gpio_ex.o ABSOLUTE
    ../Drivers/STM32F1xx_HAL_Driver/Src/stm32f1xx_hal_i2c.c 0x00000000   Number         0  stm32f1xx_hal_i2c.o ABSOLUTE
    ../Drivers/STM32F1xx_HAL_Driver/Src/stm32f1xx_hal_pwr.c 0x00000000   Number         0  stm32f1xx_hal_pwr.o ABSOLUTE
    ../Drivers/STM32F1xx_HAL_Driver/Src/stm32f1xx_hal_rcc.c 0x00000000   Number         0  stm32f1xx_hal_rcc.o ABSOLUTE
    ../Drivers/STM32F1xx_HAL_Driver/Src/stm32f1xx_hal_rcc_ex.c 0x00000000   Number         0  stm32f1xx_hal_rcc_ex.o ABSOLUTE
    ../Drivers/STM32F1xx_HAL_Driver/Src/stm32f1xx_hal_spi.c 0x00000000   Number         0  stm32f1xx_hal_spi.o ABSOLUTE
    ../Drivers/STM32F1xx_HAL_Driver/Src/stm32f1xx_hal_tim.c 0x00000000   Number         0  stm32f1xx_hal_tim.o ABSOLUTE
    ../Drivers/STM32F1xx_HAL_Driver/Src/stm32f1xx_hal_tim_ex.c 0x00000000   Number         0  stm32f1xx_hal_tim_ex.o ABSOLUTE
    ../clib/microlib/division.c              0x00000000   Number         0  uldiv.o ABSOLUTE
    ../clib/microlib/division.c              0x00000000   Number         0  uidiv.o ABSOLUTE
    ../clib/microlib/init/entry.s            0x00000000   Number         0  entry11a.o ABSOLUTE
    ../clib/microlib/init/entry.s            0x00000000   Number         0  entry10b.o ABSOLUTE
    ../clib/microlib/init/entry.s            0x00000000   Number         0  entry10a.o ABSOLUTE
    ../clib/microlib/init/entry.s            0x00000000   Number         0  entry9a.o ABSOLUTE
    ../clib/microlib/init/entry.s            0x00000000   Number         0  entry8b.o ABSOLUTE
    ../clib/microlib/init/entry.s            0x00000000   Number         0  entry8a.o ABSOLUTE
    ../clib/microlib/init/entry.s            0x00000000   Number         0  entry7b.o ABSOLUTE
    ../clib/microlib/init/entry.s            0x00000000   Number         0  entry7a.o ABSOLUTE
    ../clib/microlib/init/entry.s            0x00000000   Number         0  entry5.o ABSOLUTE
    ../clib/microlib/init/entry.s            0x00000000   Number         0  entry2.o ABSOLUTE
    ../clib/microlib/init/entry.s            0x00000000   Number         0  entry11b.o ABSOLUTE
    ../clib/microlib/init/entry.s            0x00000000   Number         0  entry.o ABSOLUTE
    ../clib/microlib/init/entry.s            0x00000000   Number         0  entry9b.o ABSOLUTE
    ../clib/microlib/longlong.c              0x00000000   Number         0  llsshr.o ABSOLUTE
    ../clib/microlib/longlong.c              0x00000000   Number         0  llshl.o ABSOLUTE
    ../clib/microlib/longlong.c              0x00000000   Number         0  llushr.o ABSOLUTE
    ../clib/microlib/printf/printf.c         0x00000000   Number         0  printf0.o ABSOLUTE
    ../clib/microlib/printf/printf.c         0x00000000   Number         0  printfb.o ABSOLUTE
    ../clib/microlib/printf/printf.c         0x00000000   Number         0  printf2.o ABSOLUTE
    ../clib/microlib/printf/printf.c         0x00000000   Number         0  printfa.o ABSOLUTE
    ../clib/microlib/printf/printf.c         0x00000000   Number         0  printf8.o ABSOLUTE
    ../clib/microlib/printf/printf.c         0x00000000   Number         0  printf7.o ABSOLUTE
    ../clib/microlib/printf/printf.c         0x00000000   Number         0  printf6.o ABSOLUTE
    ../clib/microlib/printf/printf.c         0x00000000   Number         0  printf3.o ABSOLUTE
    ../clib/microlib/printf/printf.c         0x00000000   Number         0  printf1.o ABSOLUTE
    ../clib/microlib/printf/printf.c         0x00000000   Number         0  printf5.o ABSOLUTE
    ../clib/microlib/printf/printf.c         0x00000000   Number         0  printf4.o ABSOLUTE
    ../clib/microlib/printf/stubs.s          0x00000000   Number         0  stubs.o ABSOLUTE
    ../clib/microlib/stdio/fputc.c           0x00000000   Number         0  fputc.o ABSOLUTE
    ../clib/microlib/stdio/semi.s            0x00000000   Number         0  semi.o ABSOLUTE
    ../clib/microlib/stdio/streams.c         0x00000000   Number         0  stdout.o ABSOLUTE
    ../clib/microlib/string/memset.c         0x00000000   Number         0  memseta.o ABSOLUTE
    ../clib/microlib/string/strcmp.c         0x00000000   Number         0  strcmp.o ABSOLUTE
    ../clib/microlib/string/strcpy.c         0x00000000   Number         0  strcpy.o ABSOLUTE
    ../clib/microlib/stubs.s                 0x00000000   Number         0  iusefp.o ABSOLUTE
    ../clib/microlib/stubs.s                 0x00000000   Number         0  iusesemip.o ABSOLUTE
    ../fplib/microlib/fpadd.c                0x00000000   Number         0  dadd.o ABSOLUTE
    ../fplib/microlib/fpdiv.c                0x00000000   Number         0  ddiv.o ABSOLUTE
    ../fplib/microlib/fpepilogue.c           0x00000000   Number         0  depilogue.o ABSOLUTE
    ../fplib/microlib/fpfix.c                0x00000000   Number         0  dfixul.o ABSOLUTE
    ../fplib/microlib/fpmul.c                0x00000000   Number         0  dmul.o ABSOLUTE
    ..\Core\Src\main.c                       0x00000000   Number         0  main.o ABSOLUTE
    ..\Core\Src\stm32f1xx_hal_msp.c          0x00000000   Number         0  stm32f1xx_hal_msp.o ABSOLUTE
    ..\Core\Src\stm32f1xx_it.c               0x00000000   Number         0  stm32f1xx_it.o ABSOLUTE
    ..\Core\Src\system_stm32f1xx.c           0x00000000   Number         0  system_stm32f1xx.o ABSOLUTE
    ..\Drivers\STM32F1xx_HAL_Driver\Src\stm32f1xx_hal.c 0x00000000   Number         0  stm32f1xx_hal.o ABSOLUTE
    ..\Drivers\STM32F1xx_HAL_Driver\Src\stm32f1xx_hal_cortex.c 0x00000000   Number         0  stm32f1xx_hal_cortex.o ABSOLUTE
    ..\Drivers\STM32F1xx_HAL_Driver\Src\stm32f1xx_hal_dma.c 0x00000000   Number         0  stm32f1xx_hal_dma.o ABSOLUTE
    ..\Drivers\STM32F1xx_HAL_Driver\Src\stm32f1xx_hal_exti.c 0x00000000   Number         0  stm32f1xx_hal_exti.o ABSOLUTE
    ..\Drivers\STM32F1xx_HAL_Driver\Src\stm32f1xx_hal_flash.c 0x00000000   Number         0  stm32f1xx_hal_flash.o ABSOLUTE
    ..\Drivers\STM32F1xx_HAL_Driver\Src\stm32f1xx_hal_flash_ex.c 0x00000000   Number         0  stm32f1xx_hal_flash_ex.o ABSOLUTE
    ..\Drivers\STM32F1xx_HAL_Driver\Src\stm32f1xx_hal_gpio.c 0x00000000   Number         0  stm32f1xx_hal_gpio.o ABSOLUTE
    ..\Drivers\STM32F1xx_HAL_Driver\Src\stm32f1xx_hal_gpio_ex.c 0x00000000   Number         0  stm32f1xx_hal_gpio_ex.o ABSOLUTE
    ..\Drivers\STM32F1xx_HAL_Driver\Src\stm32f1xx_hal_i2c.c 0x00000000   Number         0  stm32f1xx_hal_i2c.o ABSOLUTE
    ..\Drivers\STM32F1xx_HAL_Driver\Src\stm32f1xx_hal_pwr.c 0x00000000   Number         0  stm32f1xx_hal_pwr.o ABSOLUTE
    ..\Drivers\STM32F1xx_HAL_Driver\Src\stm32f1xx_hal_rcc.c 0x00000000   Number         0  stm32f1xx_hal_rcc.o ABSOLUTE
    ..\Drivers\STM32F1xx_HAL_Driver\Src\stm32f1xx_hal_rcc_ex.c 0x00000000   Number         0  stm32f1xx_hal_rcc_ex.o ABSOLUTE
    ..\Drivers\STM32F1xx_HAL_Driver\Src\stm32f1xx_hal_spi.c 0x00000000   Number         0  stm32f1xx_hal_spi.o ABSOLUTE
    ..\Drivers\STM32F1xx_HAL_Driver\Src\stm32f1xx_hal_tim.c 0x00000000   Number         0  stm32f1xx_hal_tim.o ABSOLUTE
    ..\Drivers\STM32F1xx_HAL_Driver\Src\stm32f1xx_hal_tim_ex.c 0x00000000   Number         0  stm32f1xx_hal_tim_ex.o ABSOLUTE
    ..\RC522\rc522.c                         0x00000000   Number         0  rc522.o ABSOLUTE
    ..\\RC522\\rc522.c                       0x00000000   Number         0  rc522.o ABSOLUTE
    Lib\AT24Cxx.c                            0x00000000   Number         0  at24cxx.o ABSOLUTE
    Lib\LCD_I2C.c                            0x00000000   Number         0  lcd_i2c.o ABSOLUTE
    Lib\\AT24Cxx.c                           0x00000000   Number         0  at24cxx.o ABSOLUTE
    Lib\\LCD_I2C.c                           0x00000000   Number         0  lcd_i2c.o ABSOLUTE
    cdrcmple.s                               0x00000000   Number         0  cdrcmple.o ABSOLUTE
    dc.s                                     0x00000000   Number         0  dc.o ABSOLUTE
    handlers.s                               0x00000000   Number         0  handlers.o ABSOLUTE
    init.s                                   0x00000000   Number         0  init.o ABSOLUTE
    startup_stm32f103xb.s                    0x00000000   Number         0  startup_stm32f103xb.o ABSOLUTE
    RESET                                    0x08000000   Section      236  startup_stm32f103xb.o(RESET)
    .ARM.Collect$$$$00000000                 0x080000ec   Section        0  entry.o(.ARM.Collect$$$$00000000)
    .ARM.Collect$$$$00000001                 0x080000ec   Section        4  entry2.o(.ARM.Collect$$$$00000001)
    .ARM.Collect$$$$00000004                 0x080000f0   Section        4  entry5.o(.ARM.Collect$$$$00000004)
    .ARM.Collect$$$$00000008                 0x080000f4   Section        0  entry7b.o(.ARM.Collect$$$$00000008)
    .ARM.Collect$$$$0000000A                 0x080000f4   Section        0  entry8b.o(.ARM.Collect$$$$0000000A)
    .ARM.Collect$$$$0000000B                 0x080000f4   Section        8  entry9a.o(.ARM.Collect$$$$0000000B)
    .ARM.Collect$$$$0000000D                 0x080000fc   Section        0  entry10a.o(.ARM.Collect$$$$0000000D)
    .ARM.Collect$$$$0000000F                 0x080000fc   Section        0  entry11a.o(.ARM.Collect$$$$0000000F)
    .ARM.Collect$$$$00002712                 0x080000fc   Section        4  entry2.o(.ARM.Collect$$$$00002712)
    __lit__00000000                          0x080000fc   Data           4  entry2.o(.ARM.Collect$$$$00002712)
    .text                                    0x08000100   Section       36  startup_stm32f103xb.o(.text)
    .text                                    0x08000124   Section        0  llushr.o(.text)
    .text                                    0x08000144   Section        0  memseta.o(.text)
    .text                                    0x08000168   Section        0  strcmp.o(.text)
    .text                                    0x08000184   Section        0  strcpy.o(.text)
    .text                                    0x08000196   Section        0  uldiv.o(.text)
    .text                                    0x080001f8   Section       36  init.o(.text)
    .text                                    0x0800021c   Section        0  llshl.o(.text)
    i.AT24Cxx_Init                           0x0800023a   Section        0  at24cxx.o(i.AT24Cxx_Init)
    i.AT24_read                              0x08000242   Section        0  at24cxx.o(i.AT24_read)
    i.AT24_write                             0x08000276   Section        0  at24cxx.o(i.AT24_write)
    i.BusFault_Handler                       0x080002ac   Section        0  stm32f1xx_it.o(i.BusFault_Handler)
    i.CLCD_Clear                             0x080002ae   Section        0  lcd_i2c.o(i.CLCD_Clear)
    i.CLCD_Init                              0x080002c4   Section        0  lcd_i2c.o(i.CLCD_Init)
    i.CLCD_SetCursor                         0x08000340   Section        0  lcd_i2c.o(i.CLCD_SetCursor)
    i.CLCD_Write                             0x0800037c   Section        0  lcd_i2c.o(i.CLCD_Write)
    CLCD_Write                               0x0800037d   Thumb Code   224  lcd_i2c.o(i.CLCD_Write)
    i.CLCD_WriteChar                         0x08000460   Section        0  lcd_i2c.o(i.CLCD_WriteChar)
    i.CLCD_WriteString                       0x08000466   Section        0  lcd_i2c.o(i.CLCD_WriteString)
    i.Close                                  0x0800047c   Section        0  main.o(i.Close)
    i.Config_LCD                             0x0800048c   Section        0  main.o(i.Config_LCD)
    i.Connfig_KEY_Pin                        0x080004c8   Section        0  main.o(i.Connfig_KEY_Pin)
    i.DebugMon_Handler                       0x08000530   Section        0  stm32f1xx_it.o(i.DebugMon_Handler)
    i.HAL_Delay                              0x08000534   Section        0  stm32f1xx_hal.o(i.HAL_Delay)
    i.HAL_GPIO_Init                          0x0800055c   Section        0  stm32f1xx_hal_gpio.o(i.HAL_GPIO_Init)
    i.HAL_GPIO_ReadPin                       0x08000758   Section        0  stm32f1xx_hal_gpio.o(i.HAL_GPIO_ReadPin)
    i.HAL_GPIO_WritePin                      0x08000766   Section        0  stm32f1xx_hal_gpio.o(i.HAL_GPIO_WritePin)
    i.HAL_GetTick                            0x08000774   Section        0  stm32f1xx_hal.o(i.HAL_GetTick)
    i.HAL_I2C_Init                           0x08000780   Section        0  stm32f1xx_hal_i2c.o(i.HAL_I2C_Init)
    i.HAL_I2C_Master_Receive                 0x0800092c   Section        0  stm32f1xx_hal_i2c.o(i.HAL_I2C_Master_Receive)
    i.HAL_I2C_Master_Transmit                0x08000c4c   Section        0  stm32f1xx_hal_i2c.o(i.HAL_I2C_Master_Transmit)
    i.HAL_I2C_MspInit                        0x08000dac   Section        0  stm32f1xx_hal_msp.o(i.HAL_I2C_MspInit)
    i.HAL_IncTick                            0x08000e08   Section        0  stm32f1xx_hal.o(i.HAL_IncTick)
    i.HAL_Init                               0x08000e18   Section        0  stm32f1xx_hal.o(i.HAL_Init)
    i.HAL_InitTick                           0x08000e3c   Section        0  stm32f1xx_hal.o(i.HAL_InitTick)
    i.HAL_MspInit                            0x08000e80   Section        0  stm32f1xx_hal_msp.o(i.HAL_MspInit)
    i.HAL_NVIC_SetPriority                   0x08000ebc   Section        0  stm32f1xx_hal_cortex.o(i.HAL_NVIC_SetPriority)
    i.HAL_NVIC_SetPriorityGrouping           0x08000f24   Section        0  stm32f1xx_hal_cortex.o(i.HAL_NVIC_SetPriorityGrouping)
    i.HAL_RCC_ClockConfig                    0x08000f48   Section        0  stm32f1xx_hal_rcc.o(i.HAL_RCC_ClockConfig)
    i.HAL_RCC_GetHCLKFreq                    0x080010c8   Section        0  stm32f1xx_hal_rcc.o(i.HAL_RCC_GetHCLKFreq)
    i.HAL_RCC_GetPCLK1Freq                   0x080010d4   Section        0  stm32f1xx_hal_rcc.o(i.HAL_RCC_GetPCLK1Freq)
    i.HAL_RCC_GetSysClockFreq                0x080010f4   Section        0  stm32f1xx_hal_rcc.o(i.HAL_RCC_GetSysClockFreq)
    i.HAL_RCC_OscConfig                      0x08001144   Section        0  stm32f1xx_hal_rcc.o(i.HAL_RCC_OscConfig)
    i.HAL_SPI_Init                           0x08001570   Section        0  stm32f1xx_hal_spi.o(i.HAL_SPI_Init)
    i.HAL_SPI_MspInit                        0x08001624   Section        0  stm32f1xx_hal_msp.o(i.HAL_SPI_MspInit)
    i.HAL_SPI_TransmitReceive                0x08001698   Section        0  stm32f1xx_hal_spi.o(i.HAL_SPI_TransmitReceive)
    i.HAL_SYSTICK_Config                     0x080018a8   Section        0  stm32f1xx_hal_cortex.o(i.HAL_SYSTICK_Config)
    i.HardFault_Handler                      0x080018d0   Section        0  stm32f1xx_it.o(i.HardFault_Handler)
    i.I2C_IsAcknowledgeFailed                0x080018d2   Section        0  stm32f1xx_hal_i2c.o(i.I2C_IsAcknowledgeFailed)
    I2C_IsAcknowledgeFailed                  0x080018d3   Thumb Code    50  stm32f1xx_hal_i2c.o(i.I2C_IsAcknowledgeFailed)
    i.I2C_MasterRequestRead                  0x08001904   Section        0  stm32f1xx_hal_i2c.o(i.I2C_MasterRequestRead)
    I2C_MasterRequestRead                    0x08001905   Thumb Code   286  stm32f1xx_hal_i2c.o(i.I2C_MasterRequestRead)
    i.I2C_MasterRequestWrite                 0x08001a28   Section        0  stm32f1xx_hal_i2c.o(i.I2C_MasterRequestWrite)
    I2C_MasterRequestWrite                   0x08001a29   Thumb Code   172  stm32f1xx_hal_i2c.o(i.I2C_MasterRequestWrite)
    i.I2C_WaitOnBTFFlagUntilTimeout          0x08001adc   Section        0  stm32f1xx_hal_i2c.o(i.I2C_WaitOnBTFFlagUntilTimeout)
    I2C_WaitOnBTFFlagUntilTimeout            0x08001add   Thumb Code   102  stm32f1xx_hal_i2c.o(i.I2C_WaitOnBTFFlagUntilTimeout)
    i.I2C_WaitOnFlagUntilTimeout             0x08001b42   Section        0  stm32f1xx_hal_i2c.o(i.I2C_WaitOnFlagUntilTimeout)
    I2C_WaitOnFlagUntilTimeout               0x08001b43   Thumb Code   234  stm32f1xx_hal_i2c.o(i.I2C_WaitOnFlagUntilTimeout)
    i.I2C_WaitOnMasterAddressFlagUntilTimeout 0x08001c2c   Section        0  stm32f1xx_hal_i2c.o(i.I2C_WaitOnMasterAddressFlagUntilTimeout)
    I2C_WaitOnMasterAddressFlagUntilTimeout  0x08001c2d   Thumb Code   236  stm32f1xx_hal_i2c.o(i.I2C_WaitOnMasterAddressFlagUntilTimeout)
    i.I2C_WaitOnRXNEFlagUntilTimeout         0x08001d18   Section        0  stm32f1xx_hal_i2c.o(i.I2C_WaitOnRXNEFlagUntilTimeout)
    I2C_WaitOnRXNEFlagUntilTimeout           0x08001d19   Thumb Code   134  stm32f1xx_hal_i2c.o(i.I2C_WaitOnRXNEFlagUntilTimeout)
    i.I2C_WaitOnTXEFlagUntilTimeout          0x08001d9e   Section        0  stm32f1xx_hal_i2c.o(i.I2C_WaitOnTXEFlagUntilTimeout)
    I2C_WaitOnTXEFlagUntilTimeout            0x08001d9f   Thumb Code   102  stm32f1xx_hal_i2c.o(i.I2C_WaitOnTXEFlagUntilTimeout)
    i.MX_SPI2_Init                           0x08001e04   Section        0  main.o(i.MX_SPI2_Init)
    MX_SPI2_Init                             0x08001e05   Thumb Code    44  main.o(i.MX_SPI2_Init)
    i.MemManage_Handler                      0x08001e38   Section        0  stm32f1xx_it.o(i.MemManage_Handler)
    i.NMI_Handler                            0x08001e3a   Section        0  stm32f1xx_it.o(i.NMI_Handler)
    i.Open                                   0x08001e3c   Section        0  main.o(i.Open)
    i.PendSV_Handler                         0x08001e80   Section        0  stm32f1xx_it.o(i.PendSV_Handler)
    i.Print_LCD                              0x08001e82   Section        0  main.o(i.Print_LCD)
    i.RCC_Delay                              0x08001e94   Section        0  stm32f1xx_hal_rcc.o(i.RCC_Delay)
    RCC_Delay                                0x08001e95   Thumb Code    32  stm32f1xx_hal_rcc.o(i.RCC_Delay)
    i.SPI_EndRxTxTransaction                 0x08001eb8   Section        0  stm32f1xx_hal_spi.o(i.SPI_EndRxTxTransaction)
    SPI_EndRxTxTransaction                   0x08001eb9   Thumb Code    36  stm32f1xx_hal_spi.o(i.SPI_EndRxTxTransaction)
    i.SPI_WaitFlagStateUntilTimeout          0x08001edc   Section        0  stm32f1xx_hal_spi.o(i.SPI_WaitFlagStateUntilTimeout)
    SPI_WaitFlagStateUntilTimeout            0x08001edd   Thumb Code   210  stm32f1xx_hal_spi.o(i.SPI_WaitFlagStateUntilTimeout)
    i.SVC_Handler                            0x08001fb4   Section        0  stm32f1xx_it.o(i.SVC_Handler)
    i.ScanKEY                                0x08001fb8   Section        0  main.o(i.ScanKEY)
    i.SysTick_Handler                        0x08002070   Section        0  stm32f1xx_it.o(i.SysTick_Handler)
    i.SystemClock_Config                     0x08002074   Section        0  main.o(i.SystemClock_Config)
    i.SystemInit                             0x080020bc   Section        0  system_stm32f1xx.o(i.SystemInit)
    i.TM_MFRC522_AntennaOn                   0x08002104   Section        0  rc522.o(i.TM_MFRC522_AntennaOn)
    i.TM_MFRC522_Anticoll                    0x0800211e   Section        0  rc522.o(i.TM_MFRC522_Anticoll)
    i.TM_MFRC522_ClearBitMask                0x08002160   Section        0  rc522.o(i.TM_MFRC522_ClearBitMask)
    i.TM_MFRC522_Init                        0x08002178   Section        0  rc522.o(i.TM_MFRC522_Init)
    i.TM_MFRC522_ReadRegister                0x080021c0   Section        0  rc522.o(i.TM_MFRC522_ReadRegister)
    i.TM_MFRC522_Request                     0x080021fc   Section        0  rc522.o(i.TM_MFRC522_Request)
    i.TM_MFRC522_Reset                       0x0800222a   Section        0  rc522.o(i.TM_MFRC522_Reset)
    i.TM_MFRC522_SetBitMask                  0x08002250   Section        0  rc522.o(i.TM_MFRC522_SetBitMask)
    i.TM_MFRC522_ToCard                      0x08002268   Section        0  rc522.o(i.TM_MFRC522_ToCard)
    i.TM_MFRC522_WriteRegister               0x0800237c   Section        0  rc522.o(i.TM_MFRC522_WriteRegister)
    i.TM_SPI_Send                            0x080023b8   Section        0  rc522.o(i.TM_SPI_Send)
    i.UsageFault_Handler                     0x080023ec   Section        0  stm32f1xx_it.o(i.UsageFault_Handler)
    i.__0sprintf$5                           0x080023f0   Section        0  printf5.o(i.__0sprintf$5)
    i.__scatterload_copy                     0x08002418   Section       14  handlers.o(i.__scatterload_copy)
    i.__scatterload_null                     0x08002426   Section        2  handlers.o(i.__scatterload_null)
    i.__scatterload_zeroinit                 0x08002428   Section       14  handlers.o(i.__scatterload_zeroinit)
    i._printf_core                           0x08002438   Section        0  printf5.o(i._printf_core)
    _printf_core                             0x08002439   Thumb Code   658  printf5.o(i._printf_core)
    i._sputc                                 0x080026f8   Section        0  printf5.o(i._sputc)
    _sputc                                   0x080026f9   Thumb Code    10  printf5.o(i._sputc)
    i.actionFallPass                         0x08002704   Section        0  main.o(i.actionFallPass)
    i.addCard_RFID                           0x080027b8   Section        0  main.o(i.addCard_RFID)
    i.begin_gotoMenu                         0x08002904   Section        0  main.o(i.begin_gotoMenu)
    i.changeKeyPass                          0x08002a90   Section        0  main.o(i.changeKeyPass)
    i.checkCardRfid                          0x08002c08   Section        0  main.o(i.checkCardRfid)
    i.checkDoubelCard                        0x08002c32   Section        0  main.o(i.checkDoubelCard)
    i.checkERRORpass                         0x08002c5c   Section        0  main.o(i.checkERRORpass)
    i.checkPass                              0x08002df4   Section        0  main.o(i.checkPass)
    i.compareCard_RFID                       0x08002e12   Section        0  main.o(i.compareCard_RFID)
    i.config_GPIO_Other                      0x08002e2c   Section        0  main.o(i.config_GPIO_Other)
    i.delCardRfid                            0x08002e50   Section        0  main.o(i.delCardRfid)
    i.delCard_RFID                           0x08002f40   Section        0  main.o(i.delCard_RFID)
    i.findEmtyAdrRfid                        0x0800305c   Section        0  main.o(i.findEmtyAdrRfid)
    i.getCard_RFID                           0x08003078   Section        0  main.o(i.getCard_RFID)
    i.getPass                                0x080030e0   Section        0  main.o(i.getPass)
    i.gotoMenu                               0x08003104   Section        0  main.o(i.gotoMenu)
    i.main                                   0x080031e0   Section        0  main.o(i.main)
    i.saveCardRfid                           0x08003528   Section        0  main.o(i.saveCardRfid)
    i.savePass                               0x0800363c   Section        0  main.o(i.savePass)
    i.useBuzz                                0x08003694   Section        0  main.o(i.useBuzz)
    .constdata                               0x080036cc   Section       12  main.o(.constdata)
    .constdata                               0x080036d8   Section       18  stm32f1xx_hal_rcc.o(.constdata)
    aPredivFactorTable                       0x080036d8   Data           2  stm32f1xx_hal_rcc.o(.constdata)
    aPLLMULFactorTable                       0x080036da   Data          16  stm32f1xx_hal_rcc.o(.constdata)
    .constdata                               0x080036ea   Section       16  system_stm32f1xx.o(.constdata)
    .constdata                               0x080036fa   Section        8  system_stm32f1xx.o(.constdata)
    .data                                    0x20000000   Section       60  main.o(.data)
    .data                                    0x2000003c   Section        7  lcd_i2c.o(.data)
    .data                                    0x20000044   Section       12  stm32f1xx_hal.o(.data)
    .data                                    0x20000050   Section        4  system_stm32f1xx.o(.data)
    .bss                                     0x20000054   Section      234  main.o(.bss)
    STACK                                    0x20000140   Section     1024  startup_stm32f103xb.o(STACK)

    Global Symbols

    Symbol Name                              Value     Ov Type        Size  Object(Section)

    BuildAttributes$$THM_ISAv4$P$D$K$B$S$PE$A:L22UL41UL21$X:L11$S22US41US21$IEEE1$IW$USESV6$~STKCKD$USESV7$~SHL$OTIME$ROPI$EBA8$MICROLIB$REQ8$PRES8$EABIv2 0x00000000   Number         0  anon$$obj.o ABSOLUTE
    __ARM_use_no_argv                        0x00000000   Number         0  main.o ABSOLUTE
    _printf_a                                0x00000000   Number         0  stubs.o ABSOLUTE
    _printf_c                                0x00000000   Number         0  stubs.o ABSOLUTE
    _printf_charcount                        0x00000000   Number         0  stubs.o ABSOLUTE
    _printf_d                                0x00000000   Number         0  stubs.o ABSOLUTE
    _printf_e                                0x00000000   Number         0  stubs.o ABSOLUTE
    _printf_f                                0x00000000   Number         0  stubs.o ABSOLUTE
    _printf_flags                            0x00000000   Number         0  stubs.o ABSOLUTE
    _printf_fp_dec                           0x00000000   Number         0  stubs.o ABSOLUTE
    _printf_fp_hex                           0x00000000   Number         0  stubs.o ABSOLUTE
    _printf_g                                0x00000000   Number         0  stubs.o ABSOLUTE
    _printf_i                                0x00000000   Number         0  stubs.o ABSOLUTE
    _printf_int_dec                          0x00000000   Number         0  stubs.o ABSOLUTE
    _printf_l                                0x00000000   Number         0  stubs.o ABSOLUTE
    _printf_lc                               0x00000000   Number         0  stubs.o ABSOLUTE
    _printf_ll                               0x00000000   Number         0  stubs.o ABSOLUTE
    _printf_lld                              0x00000000   Number         0  stubs.o ABSOLUTE
    _printf_lli                              0x00000000   Number         0  stubs.o ABSOLUTE
    _printf_llo                              0x00000000   Number         0  stubs.o ABSOLUTE
    _printf_llu                              0x00000000   Number         0  stubs.o ABSOLUTE
    _printf_llx                              0x00000000   Number         0  stubs.o ABSOLUTE
    _printf_longlong_dec                     0x00000000   Number         0  stubs.o ABSOLUTE
    _printf_longlong_hex                     0x00000000   Number         0  stubs.o ABSOLUTE
    _printf_longlong_oct                     0x00000000   Number         0  stubs.o ABSOLUTE
    _printf_ls                               0x00000000   Number         0  stubs.o ABSOLUTE
    _printf_mbtowc                           0x00000000   Number         0  stubs.o ABSOLUTE
    _printf_n                                0x00000000   Number         0  stubs.o ABSOLUTE
    _printf_o                                0x00000000   Number         0  stubs.o ABSOLUTE
    _printf_p                                0x00000000   Number         0  stubs.o ABSOLUTE
    _printf_percent                          0x00000000   Number         0  stubs.o ABSOLUTE
    _printf_pre_padding                      0x00000000   Number         0  stubs.o ABSOLUTE
    _printf_return_value                     0x00000000   Number         0  stubs.o ABSOLUTE
    _printf_s                                0x00000000   Number         0  stubs.o ABSOLUTE
    _printf_sizespec                         0x00000000   Number         0  stubs.o ABSOLUTE
    _printf_str                              0x00000000   Number         0  stubs.o ABSOLUTE
    _printf_truncate_signed                  0x00000000   Number         0  stubs.o ABSOLUTE
    _printf_truncate_unsigned                0x00000000   Number         0  stubs.o ABSOLUTE
    _printf_u                                0x00000000   Number         0  stubs.o ABSOLUTE
    _printf_wc                               0x00000000   Number         0  stubs.o ABSOLUTE
    _printf_wctomb                           0x00000000   Number         0  stubs.o ABSOLUTE
    _printf_widthprec                        0x00000000   Number         0  stubs.o ABSOLUTE
    _printf_x                                0x00000000   Number         0  stubs.o ABSOLUTE
    __cpp_initialize__aeabi_                  - Undefined Weak Reference
    __cxa_finalize                            - Undefined Weak Reference
    __decompress                              - Undefined Weak Reference
    _clock_init                               - Undefined Weak Reference
    _microlib_exit                            - Undefined Weak Reference
    __Vectors_Size                           0x000000ec   Number         0  startup_stm32f103xb.o ABSOLUTE
    __Vectors                                0x08000000   Data           4  startup_stm32f103xb.o(RESET)
    __Vectors_End                            0x080000ec   Data           0  startup_stm32f103xb.o(RESET)
    __main                                   0x080000ed   Thumb Code     0  entry.o(.ARM.Collect$$$$00000000)
    _main_stk                                0x080000ed   Thumb Code     0  entry2.o(.ARM.Collect$$$$00000001)
    _main_scatterload                        0x080000f1   Thumb Code     0  entry5.o(.ARM.Collect$$$$00000004)
    __main_after_scatterload                 0x080000f5   Thumb Code     0  entry5.o(.ARM.Collect$$$$00000004)
    _main_clock                              0x080000f5   Thumb Code     0  entry7b.o(.ARM.Collect$$$$00000008)
    _main_cpp_init                           0x080000f5   Thumb Code     0  entry8b.o(.ARM.Collect$$$$0000000A)
    _main_init                               0x080000f5   Thumb Code     0  entry9a.o(.ARM.Collect$$$$0000000B)
    __rt_final_cpp                           0x080000fd   Thumb Code     0  entry10a.o(.ARM.Collect$$$$0000000D)
    __rt_final_exit                          0x080000fd   Thumb Code     0  entry11a.o(.ARM.Collect$$$$0000000F)
    Reset_Handler                            0x08000101   Thumb Code     8  startup_stm32f103xb.o(.text)
    ADC1_2_IRQHandler                        0x0800011b   Thumb Code     0  startup_stm32f103xb.o(.text)
    CAN1_RX1_IRQHandler                      0x0800011b   Thumb Code     0  startup_stm32f103xb.o(.text)
    CAN1_SCE_IRQHandler                      0x0800011b   Thumb Code     0  startup_stm32f103xb.o(.text)
    DMA1_Channel1_IRQHandler                 0x0800011b   Thumb Code     0  startup_stm32f103xb.o(.text)
    DMA1_Channel2_IRQHandler                 0x0800011b   Thumb Code     0  startup_stm32f103xb.o(.text)
    DMA1_Channel3_IRQHandler                 0x0800011b   Thumb Code     0  startup_stm32f103xb.o(.text)
    DMA1_Channel4_IRQHandler                 0x0800011b   Thumb Code     0  startup_stm32f103xb.o(.text)
    DMA1_Channel5_IRQHandler                 0x0800011b   Thumb Code     0  startup_stm32f103xb.o(.text)
    DMA1_Channel6_IRQHandler                 0x0800011b   Thumb Code     0  startup_stm32f103xb.o(.text)
    DMA1_Channel7_IRQHandler                 0x0800011b   Thumb Code     0  startup_stm32f103xb.o(.text)
    EXTI0_IRQHandler                         0x0800011b   Thumb Code     0  startup_stm32f103xb.o(.text)
    EXTI15_10_IRQHandler                     0x0800011b   Thumb Code     0  startup_stm32f103xb.o(.text)
    EXTI1_IRQHandler                         0x0800011b   Thumb Code     0  startup_stm32f103xb.o(.text)
    EXTI2_IRQHandler                         0x0800011b   Thumb Code     0  startup_stm32f103xb.o(.text)
    EXTI3_IRQHandler                         0x0800011b   Thumb Code     0  startup_stm32f103xb.o(.text)
    EXTI4_IRQHandler                         0x0800011b   Thumb Code     0  startup_stm32f103xb.o(.text)
    EXTI9_5_IRQHandler                       0x0800011b   Thumb Code     0  startup_stm32f103xb.o(.text)
    FLASH_IRQHandler                         0x0800011b   Thumb Code     0  startup_stm32f103xb.o(.text)
    I2C1_ER_IRQHandler                       0x0800011b   Thumb Code     0  startup_stm32f103xb.o(.text)
    I2C1_EV_IRQHandler                       0x0800011b   Thumb Code     0  startup_stm32f103xb.o(.text)
    I2C2_ER_IRQHandler                       0x0800011b   Thumb Code     0  startup_stm32f103xb.o(.text)
    I2C2_EV_IRQHandler                       0x0800011b   Thumb Code     0  startup_stm32f103xb.o(.text)
    PVD_IRQHandler                           0x0800011b   Thumb Code     0  startup_stm32f103xb.o(.text)
    RCC_IRQHandler                           0x0800011b   Thumb Code     0  startup_stm32f103xb.o(.text)
    RTC_Alarm_IRQHandler                     0x0800011b   Thumb Code     0  startup_stm32f103xb.o(.text)
    RTC_IRQHandler                           0x0800011b   Thumb Code     0  startup_stm32f103xb.o(.text)
    SPI1_IRQHandler                          0x0800011b   Thumb Code     0  startup_stm32f103xb.o(.text)
    SPI2_IRQHandler                          0x0800011b   Thumb Code     0  startup_stm32f103xb.o(.text)
    TAMPER_IRQHandler                        0x0800011b   Thumb Code     0  startup_stm32f103xb.o(.text)
    TIM1_BRK_IRQHandler                      0x0800011b   Thumb Code     0  startup_stm32f103xb.o(.text)
    TIM1_CC_IRQHandler                       0x0800011b   Thumb Code     0  startup_stm32f103xb.o(.text)
    TIM1_TRG_COM_IRQHandler                  0x0800011b   Thumb Code     0  startup_stm32f103xb.o(.text)
    TIM1_UP_IRQHandler                       0x0800011b   Thumb Code     0  startup_stm32f103xb.o(.text)
    TIM2_IRQHandler                          0x0800011b   Thumb Code     0  startup_stm32f103xb.o(.text)
    TIM3_IRQHandler                          0x0800011b   Thumb Code     0  startup_stm32f103xb.o(.text)
    TIM4_IRQHandler                          0x0800011b   Thumb Code     0  startup_stm32f103xb.o(.text)
    USART1_IRQHandler                        0x0800011b   Thumb Code     0  startup_stm32f103xb.o(.text)
    USART2_IRQHandler                        0x0800011b   Thumb Code     0  startup_stm32f103xb.o(.text)
    USART3_IRQHandler                        0x0800011b   Thumb Code     0  startup_stm32f103xb.o(.text)
    USBWakeUp_IRQHandler                     0x0800011b   Thumb Code     0  startup_stm32f103xb.o(.text)
    USB_HP_CAN1_TX_IRQHandler                0x0800011b   Thumb Code     0  startup_stm32f103xb.o(.text)
    USB_LP_CAN1_RX0_IRQHandler               0x0800011b   Thumb Code     0  startup_stm32f103xb.o(.text)
    WWDG_IRQHandler                          0x0800011b   Thumb Code     0  startup_stm32f103xb.o(.text)
    __aeabi_llsr                             0x08000125   Thumb Code    32  llushr.o(.text)
    _ll_ushift_r                             0x08000125   Thumb Code     0  llushr.o(.text)
    __aeabi_memset                           0x08000145   Thumb Code    14  memseta.o(.text)
    __aeabi_memset4                          0x08000145   Thumb Code     0  memseta.o(.text)
    __aeabi_memset8                          0x08000145   Thumb Code     0  memseta.o(.text)
    __aeabi_memclr                           0x08000153   Thumb Code     4  memseta.o(.text)
    __aeabi_memclr4                          0x08000153   Thumb Code     0  memseta.o(.text)
    __aeabi_memclr8                          0x08000153   Thumb Code     0  memseta.o(.text)
    _memset$wrapper                          0x08000157   Thumb Code    18  memseta.o(.text)
    strcmp                                   0x08000169   Thumb Code    28  strcmp.o(.text)
    strcpy                                   0x08000185   Thumb Code    18  strcpy.o(.text)
    __aeabi_uldivmod                         0x08000197   Thumb Code    98  uldiv.o(.text)
    __scatterload                            0x080001f9   Thumb Code    28  init.o(.text)
    __scatterload_rt2                        0x080001f9   Thumb Code     0  init.o(.text)
    __aeabi_llsl                             0x0800021d   Thumb Code    30  llshl.o(.text)
    _ll_shift_l                              0x0800021d   Thumb Code     0  llshl.o(.text)
    AT24Cxx_Init                             0x0800023b   Thumb Code     8  at24cxx.o(i.AT24Cxx_Init)
    AT24_read                                0x08000243   Thumb Code    52  at24cxx.o(i.AT24_read)
    AT24_write                               0x08000277   Thumb Code    54  at24cxx.o(i.AT24_write)
    BusFault_Handler                         0x080002ad   Thumb Code     2  stm32f1xx_it.o(i.BusFault_Handler)
    CLCD_Clear                               0x080002af   Thumb Code    20  lcd_i2c.o(i.CLCD_Clear)
    CLCD_Init                                0x080002c5   Thumb Code   118  lcd_i2c.o(i.CLCD_Init)
    CLCD_SetCursor                           0x08000341   Thumb Code    50  lcd_i2c.o(i.CLCD_SetCursor)
    CLCD_WriteChar                           0x08000461   Thumb Code     6  lcd_i2c.o(i.CLCD_WriteChar)
    CLCD_WriteString                         0x08000467   Thumb Code    20  lcd_i2c.o(i.CLCD_WriteString)
    Close                                    0x0800047d   Thumb Code    12  main.o(i.Close)
    Config_LCD                               0x0800048d   Thumb Code    50  main.o(i.Config_LCD)
    Connfig_KEY_Pin                          0x080004c9   Thumb Code    92  main.o(i.Connfig_KEY_Pin)
    DebugMon_Handler                         0x08000531   Thumb Code     2  stm32f1xx_it.o(i.DebugMon_Handler)
    HAL_Delay                                0x08000535   Thumb Code    34  stm32f1xx_hal.o(i.HAL_Delay)
    HAL_GPIO_Init                            0x0800055d   Thumb Code   496  stm32f1xx_hal_gpio.o(i.HAL_GPIO_Init)
    HAL_GPIO_ReadPin                         0x08000759   Thumb Code    14  stm32f1xx_hal_gpio.o(i.HAL_GPIO_ReadPin)
    HAL_GPIO_WritePin                        0x08000767   Thumb Code    14  stm32f1xx_hal_gpio.o(i.HAL_GPIO_WritePin)
    HAL_GetTick                              0x08000775   Thumb Code     6  stm32f1xx_hal.o(i.HAL_GetTick)
    HAL_I2C_Init                             0x08000781   Thumb Code   410  stm32f1xx_hal_i2c.o(i.HAL_I2C_Init)
    HAL_I2C_Master_Receive                   0x0800092d   Thumb Code   782  stm32f1xx_hal_i2c.o(i.HAL_I2C_Master_Receive)
    HAL_I2C_Master_Transmit                  0x08000c4d   Thumb Code   344  stm32f1xx_hal_i2c.o(i.HAL_I2C_Master_Transmit)
    HAL_I2C_MspInit                          0x08000dad   Thumb Code    80  stm32f1xx_hal_msp.o(i.HAL_I2C_MspInit)
    HAL_IncTick                              0x08000e09   Thumb Code    12  stm32f1xx_hal.o(i.HAL_IncTick)
    HAL_Init                                 0x08000e19   Thumb Code    32  stm32f1xx_hal.o(i.HAL_Init)
    HAL_InitTick                             0x08000e3d   Thumb Code    58  stm32f1xx_hal.o(i.HAL_InitTick)
    HAL_MspInit                              0x08000e81   Thumb Code    52  stm32f1xx_hal_msp.o(i.HAL_MspInit)
    HAL_NVIC_SetPriority                     0x08000ebd   Thumb Code    98  stm32f1xx_hal_cortex.o(i.HAL_NVIC_SetPriority)
    HAL_NVIC_SetPriorityGrouping             0x08000f25   Thumb Code    30  stm32f1xx_hal_cortex.o(i.HAL_NVIC_SetPriorityGrouping)
    HAL_RCC_ClockConfig                      0x08000f49   Thumb Code   364  stm32f1xx_hal_rcc.o(i.HAL_RCC_ClockConfig)
    HAL_RCC_GetHCLKFreq                      0x080010c9   Thumb Code     6  stm32f1xx_hal_rcc.o(i.HAL_RCC_GetHCLKFreq)
    HAL_RCC_GetPCLK1Freq                     0x080010d5   Thumb Code    22  stm32f1xx_hal_rcc.o(i.HAL_RCC_GetPCLK1Freq)
    HAL_RCC_GetSysClockFreq                  0x080010f5   Thumb Code    58  stm32f1xx_hal_rcc.o(i.HAL_RCC_GetSysClockFreq)
    HAL_RCC_OscConfig                        0x08001145   Thumb Code  1068  stm32f1xx_hal_rcc.o(i.HAL_RCC_OscConfig)
    HAL_SPI_Init                             0x08001571   Thumb Code   180  stm32f1xx_hal_spi.o(i.HAL_SPI_Init)
    HAL_SPI_MspInit                          0x08001625   Thumb Code   102  stm32f1xx_hal_msp.o(i.HAL_SPI_MspInit)
    HAL_SPI_TransmitReceive                  0x08001699   Thumb Code   526  stm32f1xx_hal_spi.o(i.HAL_SPI_TransmitReceive)
    HAL_SYSTICK_Config                       0x080018a9   Thumb Code    36  stm32f1xx_hal_cortex.o(i.HAL_SYSTICK_Config)
    HardFault_Handler                        0x080018d1   Thumb Code     2  stm32f1xx_it.o(i.HardFault_Handler)
    MemManage_Handler                        0x08001e39   Thumb Code     2  stm32f1xx_it.o(i.MemManage_Handler)
    NMI_Handler                              0x08001e3b   Thumb Code     2  stm32f1xx_it.o(i.NMI_Handler)
    Open                                     0x08001e3d   Thumb Code    52  main.o(i.Open)
    PendSV_Handler                           0x08001e81   Thumb Code     2  stm32f1xx_it.o(i.PendSV_Handler)
    Print_LCD                                0x08001e83   Thumb Code    18  main.o(i.Print_LCD)
    SVC_Handler                              0x08001fb5   Thumb Code     2  stm32f1xx_it.o(i.SVC_Handler)
    ScanKEY                                  0x08001fb9   Thumb Code   166  main.o(i.ScanKEY)
    SysTick_Handler                          0x08002071   Thumb Code     4  stm32f1xx_it.o(i.SysTick_Handler)
    SystemClock_Config                       0x08002075   Thumb Code    72  main.o(i.SystemClock_Config)
    SystemInit                               0x080020bd   Thumb Code    60  system_stm32f1xx.o(i.SystemInit)
    TM_MFRC522_AntennaOn                     0x08002105   Thumb Code    26  rc522.o(i.TM_MFRC522_AntennaOn)
    TM_MFRC522_Anticoll                      0x0800211f   Thumb Code    66  rc522.o(i.TM_MFRC522_Anticoll)
    TM_MFRC522_ClearBitMask                  0x08002161   Thumb Code    24  rc522.o(i.TM_MFRC522_ClearBitMask)
    TM_MFRC522_Init                          0x08002179   Thumb Code    70  rc522.o(i.TM_MFRC522_Init)
    TM_MFRC522_ReadRegister                  0x080021c1   Thumb Code    56  rc522.o(i.TM_MFRC522_ReadRegister)
    TM_MFRC522_Request                       0x080021fd   Thumb Code    46  rc522.o(i.TM_MFRC522_Request)
    TM_MFRC522_Reset                         0x0800222b   Thumb Code    38  rc522.o(i.TM_MFRC522_Reset)
    TM_MFRC522_SetBitMask                    0x08002251   Thumb Code    24  rc522.o(i.TM_MFRC522_SetBitMask)
    TM_MFRC522_ToCard                        0x08002269   Thumb Code   276  rc522.o(i.TM_MFRC522_ToCard)
    TM_MFRC522_WriteRegister                 0x0800237d   Thumb Code    54  rc522.o(i.TM_MFRC522_WriteRegister)
    TM_SPI_Send                              0x080023b9   Thumb Code    46  rc522.o(i.TM_SPI_Send)
    UsageFault_Handler                       0x080023ed   Thumb Code     2  stm32f1xx_it.o(i.UsageFault_Handler)
    __0sprintf$5                             0x080023f1   Thumb Code    34  printf5.o(i.__0sprintf$5)
    __1sprintf$5                             0x080023f1   Thumb Code     0  printf5.o(i.__0sprintf$5)
    __2sprintf                               0x080023f1   Thumb Code     0  printf5.o(i.__0sprintf$5)
    __scatterload_copy                       0x08002419   Thumb Code    14  handlers.o(i.__scatterload_copy)
    __scatterload_null                       0x08002427   Thumb Code     2  handlers.o(i.__scatterload_null)
    __scatterload_zeroinit                   0x08002429   Thumb Code    14  handlers.o(i.__scatterload_zeroinit)
    actionFallPass                           0x08002705   Thumb Code   120  main.o(i.actionFallPass)
    addCard_RFID                             0x080027b9   Thumb Code   216  main.o(i.addCard_RFID)
    begin_gotoMenu                           0x08002905   Thumb Code   286  main.o(i.begin_gotoMenu)
    changeKeyPass                            0x08002a91   Thumb Code   264  main.o(i.changeKeyPass)
    checkCardRfid                            0x08002c09   Thumb Code    42  main.o(i.checkCardRfid)
    checkDoubelCard                          0x08002c33   Thumb Code    42  main.o(i.checkDoubelCard)
    checkERRORpass                           0x08002c5d   Thumb Code   316  main.o(i.checkERRORpass)
    checkPass                                0x08002df5   Thumb Code    30  main.o(i.checkPass)
    compareCard_RFID                         0x08002e13   Thumb Code    26  main.o(i.compareCard_RFID)
    config_GPIO_Other                        0x08002e2d   Thumb Code    30  main.o(i.config_GPIO_Other)
    delCardRfid                              0x08002e51   Thumb Code   188  main.o(i.delCardRfid)
    delCard_RFID                             0x08002f41   Thumb Code   188  main.o(i.delCard_RFID)
    findEmtyAdrRfid                          0x0800305d   Thumb Code    28  main.o(i.findEmtyAdrRfid)
    getCard_RFID                             0x08003079   Thumb Code    98  main.o(i.getCard_RFID)
    getPass                                  0x080030e1   Thumb Code    32  main.o(i.getPass)
    gotoMenu                                 0x08003105   Thumb Code   142  main.o(i.gotoMenu)
    main                                     0x080031e1   Thumb Code   700  main.o(i.main)
    saveCardRfid                             0x08003529   Thumb Code   206  main.o(i.saveCardRfid)
    savePass                                 0x0800363d   Thumb Code    82  main.o(i.savePass)
    useBuzz                                  0x08003695   Thumb Code    50  main.o(i.useBuzz)
    KEY_MAP                                  0x080036cc   Data          12  main.o(.constdata)
    AHBPrescTable                            0x080036ea   Data          16  system_stm32f1xx.o(.constdata)
    APBPrescTable                            0x080036fa   Data           8  system_stm32f1xx.o(.constdata)
    Region$$Table$$Base                      0x08003704   Number         0  anon$$obj.o(Region$$Table)
    Region$$Table$$Limit                     0x08003724   Number         0  anon$$obj.o(Region$$Table)
    Status                                   0x20000000   Data           1  main.o(.data)
    enabel_Pass                              0x20000001   Data           1  main.o(.data)
    enabel_Menu                              0x20000002   Data           1  main.o(.data)
    isClick                                  0x20000003   Data           1  main.o(.data)
    keyChar                                  0x20000004   Data           1  main.o(.data)
    isOnLedLCD                               0x20000005   Data           1  main.o(.data)
    couter_pass                              0x20000006   Data           1  main.o(.data)
    cout_err_Pass                            0x20000007   Data           1  main.o(.data)
    CardID                                   0x20000008   Data           5  main.o(.data)
    buffer_CardID                            0x2000000d   Data           5  main.o(.data)
    PIN_COL_SCAN                             0x20000012   Data           6  main.o(.data)
    passMaster                               0x20000018   Data           7  main.o(.data)
    pass                                     0x2000001f   Data           7  main.o(.data)
    define_pass                              0x20000026   Data           7  main.o(.data)
    truePass                                 0x2000002d   Data           7  main.o(.data)
    PIN_ROW_SCAN                             0x20000034   Data           8  main.o(.data)
    LCD                                      0x2000003c   Data           7  lcd_i2c.o(.data)
    uwTickFreq                               0x20000044   Data           1  stm32f1xx_hal.o(.data)
    uwTickPrio                               0x20000048   Data           4  stm32f1xx_hal.o(.data)
    uwTick                                   0x2000004c   Data           4  stm32f1xx_hal.o(.data)
    SystemCoreClock                          0x20000050   Data           4  system_stm32f1xx.o(.data)
    hi2c1                                    0x20000054   Data          84  main.o(.bss)
    hspi2                                    0x200000a8   Data          88  main.o(.bss)
    rom                                      0x20000100   Data          12  main.o(.bss)
    adrI2c                                   0x2000010c   Data          50  main.o(.bss)
    __initial_sp                             0x20000540   Data           0  startup_stm32f103xb.o(STACK)



==============================================================================

Memory Map of the image

  Image Entry point : 0x080000ed

  Load Region LR_IROM1 (Base: 0x08000000, Size: 0x00003778, Max: 0x00010000, ABSOLUTE)

    Execution Region ER_IROM1 (Exec base: 0x08000000, Load base: 0x08000000, Size: 0x00003724, Max: 0x00010000, ABSOLUTE)

    Exec Addr    Load Addr    Size         Type   Attr      Idx    E Section Name        Object

    0x08000000   0x08000000   0x000000ec   Data   RO            3    RESET               startup_stm32f103xb.o
    0x080000ec   0x080000ec   0x00000000   Code   RO         2640  * .ARM.Collect$$$$00000000  mc_w.l(entry.o)
    0x080000ec   0x080000ec   0x00000004   Code   RO         2912    .ARM.Collect$$$$00000001  mc_w.l(entry2.o)
    0x080000f0   0x080000f0   0x00000004   Code   RO         2915    .ARM.Collect$$$$00000004  mc_w.l(entry5.o)
    0x080000f4   0x080000f4   0x00000000   Code   RO         2917    .ARM.Collect$$$$00000008  mc_w.l(entry7b.o)
    0x080000f4   0x080000f4   0x00000000   Code   RO         2919    .ARM.Collect$$$$0000000A  mc_w.l(entry8b.o)
    0x080000f4   0x080000f4   0x00000008   Code   RO         2920    .ARM.Collect$$$$0000000B  mc_w.l(entry9a.o)
    0x080000fc   0x080000fc   0x00000000   Code   RO         2922    .ARM.Collect$$$$0000000D  mc_w.l(entry10a.o)
    0x080000fc   0x080000fc   0x00000000   Code   RO         2924    .ARM.Collect$$$$0000000F  mc_w.l(entry11a.o)
    0x080000fc   0x080000fc   0x00000004   Code   RO         2913    .ARM.Collect$$$$00002712  mc_w.l(entry2.o)
    0x08000100   0x08000100   0x00000024   Code   RO            4    .text               startup_stm32f103xb.o
    0x08000124   0x08000124   0x00000020   Code   RO         2643    .text               mc_w.l(llushr.o)
    0x08000144   0x08000144   0x00000024   Code   RO         2645    .text               mc_w.l(memseta.o)
    0x08000168   0x08000168   0x0000001c   Code   RO         2647    .text               mc_w.l(strcmp.o)
    0x08000184   0x08000184   0x00000012   Code   RO         2649    .text               mc_w.l(strcpy.o)
    0x08000196   0x08000196   0x00000062   Code   RO         2931    .text               mc_w.l(uldiv.o)
    0x080001f8   0x080001f8   0x00000024   Code   RO         2944    .text               mc_w.l(init.o)
    0x0800021c   0x0800021c   0x0000001e   Code   RO         2947    .text               mc_w.l(llshl.o)
    0x0800023a   0x0800023a   0x00000008   Code   RO          587    i.AT24Cxx_Init      at24cxx.o
    0x08000242   0x08000242   0x00000034   Code   RO          589    i.AT24_read         at24cxx.o
    0x08000276   0x08000276   0x00000036   Code   RO          590    i.AT24_write        at24cxx.o
    0x080002ac   0x080002ac   0x00000002   Code   RO          464    i.BusFault_Handler  stm32f1xx_it.o
    0x080002ae   0x080002ae   0x00000014   Code   RO          634    i.CLCD_Clear        lcd_i2c.o
    0x080002c2   0x080002c2   0x00000002   PAD
    0x080002c4   0x080002c4   0x0000007c   Code   RO          637    i.CLCD_Init         lcd_i2c.o
    0x08000340   0x08000340   0x0000003c   Code   RO          639    i.CLCD_SetCursor    lcd_i2c.o
    0x0800037c   0x0800037c   0x000000e4   Code   RO          640    i.CLCD_Write        lcd_i2c.o
    0x08000460   0x08000460   0x00000006   Code   RO          641    i.CLCD_WriteChar    lcd_i2c.o
    0x08000466   0x08000466   0x00000014   Code   RO          642    i.CLCD_WriteString  lcd_i2c.o
    0x0800047a   0x0800047a   0x00000002   PAD
    0x0800047c   0x0800047c   0x00000010   Code   RO          234    i.Close             main.o
    0x0800048c   0x0800048c   0x0000003c   Code   RO          235    i.Config_LCD        main.o
    0x080004c8   0x080004c8   0x00000068   Code   RO          236    i.Connfig_KEY_Pin   main.o
    0x08000530   0x08000530   0x00000002   Code   RO          465    i.DebugMon_Handler  stm32f1xx_it.o
    0x08000532   0x08000532   0x00000002   PAD
    0x08000534   0x08000534   0x00000028   Code   RO         1256    i.HAL_Delay         stm32f1xx_hal.o
    0x0800055c   0x0800055c   0x000001fc   Code   RO         1571    i.HAL_GPIO_Init     stm32f1xx_hal_gpio.o
    0x08000758   0x08000758   0x0000000e   Code   RO         1573    i.HAL_GPIO_ReadPin  stm32f1xx_hal_gpio.o
    0x08000766   0x08000766   0x0000000e   Code   RO         1575    i.HAL_GPIO_WritePin  stm32f1xx_hal_gpio.o
    0x08000774   0x08000774   0x0000000c   Code   RO         1260    i.HAL_GetTick       stm32f1xx_hal.o
    0x08000780   0x08000780   0x000001ac   Code   RO          783    i.HAL_I2C_Init      stm32f1xx_hal_i2c.o
    0x0800092c   0x0800092c   0x00000320   Code   RO          789    i.HAL_I2C_Master_Receive  stm32f1xx_hal_i2c.o
    0x08000c4c   0x08000c4c   0x00000160   Code   RO          796    i.HAL_I2C_Master_Transmit  stm32f1xx_hal_i2c.o
    0x08000dac   0x08000dac   0x0000005c   Code   RO          540    i.HAL_I2C_MspInit   stm32f1xx_hal_msp.o
    0x08000e08   0x08000e08   0x00000010   Code   RO         1266    i.HAL_IncTick       stm32f1xx_hal.o
    0x08000e18   0x08000e18   0x00000024   Code   RO         1267    i.HAL_Init          stm32f1xx_hal.o
    0x08000e3c   0x08000e3c   0x00000044   Code   RO         1268    i.HAL_InitTick      stm32f1xx_hal.o
    0x08000e80   0x08000e80   0x0000003c   Code   RO          541    i.HAL_MspInit       stm32f1xx_hal_msp.o
    0x08000ebc   0x08000ebc   0x00000068   Code   RO         1737    i.HAL_NVIC_SetPriority  stm32f1xx_hal_cortex.o
    0x08000f24   0x08000f24   0x00000024   Code   RO         1738    i.HAL_NVIC_SetPriorityGrouping  stm32f1xx_hal_cortex.o
    0x08000f48   0x08000f48   0x00000180   Code   RO         1424    i.HAL_RCC_ClockConfig  stm32f1xx_hal_rcc.o
    0x080010c8   0x080010c8   0x0000000c   Code   RO         1429    i.HAL_RCC_GetHCLKFreq  stm32f1xx_hal_rcc.o
    0x080010d4   0x080010d4   0x00000020   Code   RO         1431    i.HAL_RCC_GetPCLK1Freq  stm32f1xx_hal_rcc.o
    0x080010f4   0x080010f4   0x00000050   Code   RO         1433    i.HAL_RCC_GetSysClockFreq  stm32f1xx_hal_rcc.o
    0x08001144   0x08001144   0x0000042c   Code   RO         1436    i.HAL_RCC_OscConfig  stm32f1xx_hal_rcc.o
    0x08001570   0x08001570   0x000000b4   Code   RO         2258    i.HAL_SPI_Init      stm32f1xx_hal_spi.o
    0x08001624   0x08001624   0x00000074   Code   RO          543    i.HAL_SPI_MspInit   stm32f1xx_hal_msp.o
    0x08001698   0x08001698   0x0000020e   Code   RO         2267    i.HAL_SPI_TransmitReceive  stm32f1xx_hal_spi.o
    0x080018a6   0x080018a6   0x00000002   PAD
    0x080018a8   0x080018a8   0x00000028   Code   RO         1742    i.HAL_SYSTICK_Config  stm32f1xx_hal_cortex.o
    0x080018d0   0x080018d0   0x00000002   Code   RO          466    i.HardFault_Handler  stm32f1xx_it.o
    0x080018d2   0x080018d2   0x00000032   Code   RO          827    i.I2C_IsAcknowledgeFailed  stm32f1xx_hal_i2c.o
    0x08001904   0x08001904   0x00000124   Code   RO          830    i.I2C_MasterRequestRead  stm32f1xx_hal_i2c.o
    0x08001a28   0x08001a28   0x000000b4   Code   RO          831    i.I2C_MasterRequestWrite  stm32f1xx_hal_i2c.o
    0x08001adc   0x08001adc   0x00000066   Code   RO          847    i.I2C_WaitOnBTFFlagUntilTimeout  stm32f1xx_hal_i2c.o
    0x08001b42   0x08001b42   0x000000ea   Code   RO          848    i.I2C_WaitOnFlagUntilTimeout  stm32f1xx_hal_i2c.o
    0x08001c2c   0x08001c2c   0x000000ec   Code   RO          849    i.I2C_WaitOnMasterAddressFlagUntilTimeout  stm32f1xx_hal_i2c.o
    0x08001d18   0x08001d18   0x00000086   Code   RO          850    i.I2C_WaitOnRXNEFlagUntilTimeout  stm32f1xx_hal_i2c.o
    0x08001d9e   0x08001d9e   0x00000066   Code   RO          853    i.I2C_WaitOnTXEFlagUntilTimeout  stm32f1xx_hal_i2c.o
    0x08001e04   0x08001e04   0x00000034   Code   RO          238    i.MX_SPI2_Init      main.o
    0x08001e38   0x08001e38   0x00000002   Code   RO          467    i.MemManage_Handler  stm32f1xx_it.o
    0x08001e3a   0x08001e3a   0x00000002   Code   RO          468    i.NMI_Handler       stm32f1xx_it.o
    0x08001e3c   0x08001e3c   0x00000044   Code   RO          239    i.Open              main.o
    0x08001e80   0x08001e80   0x00000002   Code   RO          469    i.PendSV_Handler    stm32f1xx_it.o
    0x08001e82   0x08001e82   0x00000012   Code   RO          240    i.Print_LCD         main.o
    0x08001e94   0x08001e94   0x00000024   Code   RO         1437    i.RCC_Delay         stm32f1xx_hal_rcc.o
    0x08001eb8   0x08001eb8   0x00000024   Code   RO         2296    i.SPI_EndRxTxTransaction  stm32f1xx_hal_spi.o
    0x08001edc   0x08001edc   0x000000d8   Code   RO         2301    i.SPI_WaitFlagStateUntilTimeout  stm32f1xx_hal_spi.o
    0x08001fb4   0x08001fb4   0x00000002   Code   RO          470    i.SVC_Handler       stm32f1xx_it.o
    0x08001fb6   0x08001fb6   0x00000002   PAD
    0x08001fb8   0x08001fb8   0x000000b8   Code   RO          241    i.ScanKEY           main.o
    0x08002070   0x08002070   0x00000004   Code   RO          471    i.SysTick_Handler   stm32f1xx_it.o
    0x08002074   0x08002074   0x00000048   Code   RO          242    i.SystemClock_Config  main.o
    0x080020bc   0x080020bc   0x00000048   Code   RO         2606    i.SystemInit        system_stm32f1xx.o
    0x08002104   0x08002104   0x0000001a   Code   RO           14    i.TM_MFRC522_AntennaOn  rc522.o
    0x0800211e   0x0800211e   0x00000042   Code   RO           15    i.TM_MFRC522_Anticoll  rc522.o
    0x08002160   0x08002160   0x00000018   Code   RO           19    i.TM_MFRC522_ClearBitMask  rc522.o
    0x08002178   0x08002178   0x00000046   Code   RO           22    i.TM_MFRC522_Init   rc522.o
    0x080021be   0x080021be   0x00000002   PAD
    0x080021c0   0x080021c0   0x0000003c   Code   RO           24    i.TM_MFRC522_ReadRegister  rc522.o
    0x080021fc   0x080021fc   0x0000002e   Code   RO           25    i.TM_MFRC522_Request  rc522.o
    0x0800222a   0x0800222a   0x00000026   Code   RO           26    i.TM_MFRC522_Reset  rc522.o
    0x08002250   0x08002250   0x00000018   Code   RO           28    i.TM_MFRC522_SetBitMask  rc522.o
    0x08002268   0x08002268   0x00000114   Code   RO           29    i.TM_MFRC522_ToCard  rc522.o
    0x0800237c   0x0800237c   0x0000003c   Code   RO           31    i.TM_MFRC522_WriteRegister  rc522.o
    0x080023b8   0x080023b8   0x00000034   Code   RO           32    i.TM_SPI_Send       rc522.o
    0x080023ec   0x080023ec   0x00000002   Code   RO          472    i.UsageFault_Handler  stm32f1xx_it.o
    0x080023ee   0x080023ee   0x00000002   PAD
    0x080023f0   0x080023f0   0x00000028   Code   RO         2786    i.__0sprintf$5      mc_w.l(printf5.o)
    0x08002418   0x08002418   0x0000000e   Code   RO         2956    i.__scatterload_copy  mc_w.l(handlers.o)
    0x08002426   0x08002426   0x00000002   Code   RO         2957    i.__scatterload_null  mc_w.l(handlers.o)
    0x08002428   0x08002428   0x0000000e   Code   RO         2958    i.__scatterload_zeroinit  mc_w.l(handlers.o)
    0x08002436   0x08002436   0x00000002   PAD
    0x08002438   0x08002438   0x000002c0   Code   RO         2791    i._printf_core      mc_w.l(printf5.o)
    0x080026f8   0x080026f8   0x0000000a   Code   RO         2793    i._sputc            mc_w.l(printf5.o)
    0x08002702   0x08002702   0x00000002   PAD
    0x08002704   0x08002704   0x000000b4   Code   RO          243    i.actionFallPass    main.o
    0x080027b8   0x080027b8   0x0000014c   Code   RO          244    i.addCard_RFID      main.o
    0x08002904   0x08002904   0x0000018c   Code   RO          245    i.begin_gotoMenu    main.o
    0x08002a90   0x08002a90   0x00000178   Code   RO          246    i.changeKeyPass     main.o
    0x08002c08   0x08002c08   0x0000002a   Code   RO          247    i.checkCardRfid     main.o
    0x08002c32   0x08002c32   0x0000002a   Code   RO          248    i.checkDoubelCard   main.o
    0x08002c5c   0x08002c5c   0x00000198   Code   RO          249    i.checkERRORpass    main.o
    0x08002df4   0x08002df4   0x0000001e   Code   RO          250    i.checkPass         main.o
    0x08002e12   0x08002e12   0x0000001a   Code   RO          251    i.compareCard_RFID  main.o
    0x08002e2c   0x08002e2c   0x00000024   Code   RO          252    i.config_GPIO_Other  main.o
    0x08002e50   0x08002e50   0x000000f0   Code   RO          255    i.delCardRfid       main.o
    0x08002f40   0x08002f40   0x0000011c   Code   RO          256    i.delCard_RFID      main.o
    0x0800305c   0x0800305c   0x0000001c   Code   RO          257    i.findEmtyAdrRfid   main.o
    0x08003078   0x08003078   0x00000068   Code   RO          258    i.getCard_RFID      main.o
    0x080030e0   0x080030e0   0x00000024   Code   RO          259    i.getPass           main.o
    0x08003104   0x08003104   0x000000dc   Code   RO          260    i.gotoMenu          main.o
    0x080031e0   0x080031e0   0x00000348   Code   RO          261    i.main              main.o
    0x08003528   0x08003528   0x00000114   Code   RO          262    i.saveCardRfid      main.o
    0x0800363c   0x0800363c   0x00000058   Code   RO          263    i.savePass          main.o
    0x08003694   0x08003694   0x00000038   Code   RO          265    i.useBuzz           main.o
    0x080036cc   0x080036cc   0x0000000c   Data   RO          267    .constdata          main.o
    0x080036d8   0x080036d8   0x00000012   Data   RO         1438    .constdata          stm32f1xx_hal_rcc.o
    0x080036ea   0x080036ea   0x00000010   Data   RO         2607    .constdata          system_stm32f1xx.o
    0x080036fa   0x080036fa   0x00000008   Data   RO         2608    .constdata          system_stm32f1xx.o
    0x08003702   0x08003702   0x00000002   PAD
    0x08003704   0x08003704   0x00000020   Data   RO         2954    Region$$Table       anon$$obj.o


    Execution Region RW_IRAM1 (Exec base: 0x20000000, Load base: 0x08003724, Size: 0x00000540, Max: 0x00005000, ABSOLUTE)

    Exec Addr    Load Addr    Size         Type   Attr      Idx    E Section Name        Object

    0x20000000   0x08003724   0x0000003c   Data   RW          268    .data               main.o
    0x2000003c   0x08003760   0x00000007   Data   RW          645    .data               lcd_i2c.o
    0x20000043   0x08003767   0x00000001   PAD
    0x20000044   0x08003768   0x0000000c   Data   RW         1274    .data               stm32f1xx_hal.o
    0x20000050   0x08003774   0x00000004   Data   RW         2609    .data               system_stm32f1xx.o
    0x20000054        -       0x000000ea   Zero   RW          266    .bss                main.o
    0x2000013e   0x08003778   0x00000002   PAD
    0x20000140        -       0x00000400   Zero   RW            1    STACK               startup_stm32f103xb.o


==============================================================================

Image component sizes


      Code (inc. data)   RO Data    RW Data    ZI Data      Debug   Object Name

       114          0          0          0          0       2524   at24cxx.o
       458         20          0          7          0       5252   lcd_i2c.o
      4614       1022         12         60        234      21521   main.o
       742         16          0          0          0     409746   rc522.o
        36          8        236          0       1024        812   startup_stm32f103xb.o
       172         30          0         12          0       5969   stm32f1xx_hal.o
       180         16          0          0          0      28066   stm32f1xx_hal_cortex.o
       536         12          0          0          0       3571   stm32f1xx_hal_gpio.o
      2910         58          0          0          0      12762   stm32f1xx_hal_i2c.o
       268         34          0          0          0       2270   stm32f1xx_hal_msp.o
      1612         78         18          0          0       6301   stm32f1xx_hal_rcc.o
       958          6          0          0          0       4613   stm32f1xx_hal_spi.o
        20          0          0          0          0       3938   stm32f1xx_it.o
        72         12         24          4          0       1207   system_stm32f1xx.o

    ----------------------------------------------------------------------
     12706       1312        324         84       1260     508552   Object Totals
         0          0         32          0          0          0   (incl. Generated)
        14          0          2          1          2          0   (incl. Padding)

    ----------------------------------------------------------------------

      Code (inc. data)   RO Data    RW Data    ZI Data      Debug   Library Member Name

         0          0          0          0          0          0   entry.o
         0          0          0          0          0          0   entry10a.o
         0          0          0          0          0          0   entry11a.o
         8          4          0          0          0          0   entry2.o
         4          0          0          0          0          0   entry5.o
         0          0          0          0          0          0   entry7b.o
         0          0          0          0          0          0   entry8b.o
         8          4          0          0          0          0   entry9a.o
        30          0          0          0          0          0   handlers.o
        36          8          0          0          0         68   init.o
        30          0          0          0          0         68   llshl.o
        32          0          0          0          0         68   llushr.o
        36          0          0          0          0        108   memseta.o
       754         52          0          0          0        252   printf5.o
        28          0          0          0          0         76   strcmp.o
        18          0          0          0          0         68   strcpy.o
        98          0          0          0          0         92   uldiv.o

    ----------------------------------------------------------------------
      1086         68          0          0          0        800   Library Totals
         4          0          0          0          0          0   (incl. Padding)

    ----------------------------------------------------------------------

      Code (inc. data)   RO Data    RW Data    ZI Data      Debug   Library Name

      1082         68          0          0          0        800   mc_w.l

    ----------------------------------------------------------------------
      1086         68          0          0          0        800   Library Totals

    ----------------------------------------------------------------------

==============================================================================


      Code (inc. data)   RO Data    RW Data    ZI Data      Debug   

     13792       1380        324         84       1260     504564   Grand Totals
     13792       1380        324         84       1260     504564   ELF Image Totals
     13792       1380        324         84          0          0   ROM Totals

==============================================================================

    Total RO  Size (Code + RO Data)                14116 (  13.79kB)
    Total RW  Size (RW Data + ZI Data)              1344 (   1.31kB)
    Total ROM Size (Code + RO Data + RW Data)      14200 (  13.87kB)

==============================================================================

